###############################################################################
#
# IAR ELF Linker V7.70.2.11706/W32 for ARM                15/Jun/2019  21:01:37
# Copyright 2007-2016 IAR Systems AB.
#
#    Output file  =  
#        C:\Users\Administrator\Desktop\sdk-ameba-v4.0c\project\realtek_amebaz_va0_example\EWARM-RELEASE\Debug\Exe\application.axf
#    Map file     =  
#        C:\Users\Administrator\Desktop\sdk-ameba-v4.0c\project\realtek_amebaz_va0_example\EWARM-RELEASE\Debug\List\application.map
#    Command line =  
#        C:\Users\Administrator\Desktop\sdk-ameba-v4.0c\project\realtek_amebaz_va0_example\EWARM-RELEASE\Debug\Obj\aesni.o
#        C:\Users\Administrator\Desktop\sdk-ameba-v4.0c\project\realtek_amebaz_va0_example\EWARM-RELEASE\Debug\Obj\analogin_api.o
#        C:\Users\Administrator\Desktop\sdk-ameba-v4.0c\project\realtek_amebaz_va0_example\EWARM-RELEASE\Debug\Obj\api_lib.o
#        C:\Users\Administrator\Desktop\sdk-ameba-v4.0c\project\realtek_amebaz_va0_example\EWARM-RELEASE\Debug\Obj\api_msg.o
#        C:\Users\Administrator\Desktop\sdk-ameba-v4.0c\project\realtek_amebaz_va0_example\EWARM-RELEASE\Debug\Obj\app_start.o
#        C:\Users\Administrator\Desktop\sdk-ameba-v4.0c\project\realtek_amebaz_va0_example\EWARM-RELEASE\Debug\Obj\atcmd_lwip.o
#        C:\Users\Administrator\Desktop\sdk-ameba-v4.0c\project\realtek_amebaz_va0_example\EWARM-RELEASE\Debug\Obj\atcmd_sys.o
#        C:\Users\Administrator\Desktop\sdk-ameba-v4.0c\project\realtek_amebaz_va0_example\EWARM-RELEASE\Debug\Obj\atcmd_wifi.o
#        C:\Users\Administrator\Desktop\sdk-ameba-v4.0c\project\realtek_amebaz_va0_example\EWARM-RELEASE\Debug\Obj\autoip.o
#        C:\Users\Administrator\Desktop\sdk-ameba-v4.0c\project\realtek_amebaz_va0_example\EWARM-RELEASE\Debug\Obj\blowfish.o
#        C:\Users\Administrator\Desktop\sdk-ameba-v4.0c\project\realtek_amebaz_va0_example\EWARM-RELEASE\Debug\Obj\camellia.o
#        C:\Users\Administrator\Desktop\sdk-ameba-v4.0c\project\realtek_amebaz_va0_example\EWARM-RELEASE\Debug\Obj\ccm.o
#        C:\Users\Administrator\Desktop\sdk-ameba-v4.0c\project\realtek_amebaz_va0_example\EWARM-RELEASE\Debug\Obj\certs.o
#        C:\Users\Administrator\Desktop\sdk-ameba-v4.0c\project\realtek_amebaz_va0_example\EWARM-RELEASE\Debug\Obj\cipher.o
#        C:\Users\Administrator\Desktop\sdk-ameba-v4.0c\project\realtek_amebaz_va0_example\EWARM-RELEASE\Debug\Obj\cipher_wrap.o
#        C:\Users\Administrator\Desktop\sdk-ameba-v4.0c\project\realtek_amebaz_va0_example\EWARM-RELEASE\Debug\Obj\cJSON.o
#        C:\Users\Administrator\Desktop\sdk-ameba-v4.0c\project\realtek_amebaz_va0_example\EWARM-RELEASE\Debug\Obj\cloud_link.o
#        C:\Users\Administrator\Desktop\sdk-ameba-v4.0c\project\realtek_amebaz_va0_example\EWARM-RELEASE\Debug\Obj\cmsis_os.o
#        C:\Users\Administrator\Desktop\sdk-ameba-v4.0c\project\realtek_amebaz_va0_example\EWARM-RELEASE\Debug\Obj\croutine.o
#        C:\Users\Administrator\Desktop\sdk-ameba-v4.0c\project\realtek_amebaz_va0_example\EWARM-RELEASE\Debug\Obj\debug.o
#        C:\Users\Administrator\Desktop\sdk-ameba-v4.0c\project\realtek_amebaz_va0_example\EWARM-RELEASE\Debug\Obj\def.o
#        C:\Users\Administrator\Desktop\sdk-ameba-v4.0c\project\realtek_amebaz_va0_example\EWARM-RELEASE\Debug\Obj\device_lock.o
#        C:\Users\Administrator\Desktop\sdk-ameba-v4.0c\project\realtek_amebaz_va0_example\EWARM-RELEASE\Debug\Obj\dhcp.o
#        C:\Users\Administrator\Desktop\sdk-ameba-v4.0c\project\realtek_amebaz_va0_example\EWARM-RELEASE\Debug\Obj\dhcps.o
#        C:\Users\Administrator\Desktop\sdk-ameba-v4.0c\project\realtek_amebaz_va0_example\EWARM-RELEASE\Debug\Obj\dma_api.o
#        C:\Users\Administrator\Desktop\sdk-ameba-v4.0c\project\realtek_amebaz_va0_example\EWARM-RELEASE\Debug\Obj\dns.o
#        C:\Users\Administrator\Desktop\sdk-ameba-v4.0c\project\realtek_amebaz_va0_example\EWARM-RELEASE\Debug\Obj\ecp_ram.o
#        C:\Users\Administrator\Desktop\sdk-ameba-v4.0c\project\realtek_amebaz_va0_example\EWARM-RELEASE\Debug\Obj\efuse_api.o
#        C:\Users\Administrator\Desktop\sdk-ameba-v4.0c\project\realtek_amebaz_va0_example\EWARM-RELEASE\Debug\Obj\entropy.o
#        C:\Users\Administrator\Desktop\sdk-ameba-v4.0c\project\realtek_amebaz_va0_example\EWARM-RELEASE\Debug\Obj\entropy_poll.o
#        C:\Users\Administrator\Desktop\sdk-ameba-v4.0c\project\realtek_amebaz_va0_example\EWARM-RELEASE\Debug\Obj\err.o
#        C:\Users\Administrator\Desktop\sdk-ameba-v4.0c\project\realtek_amebaz_va0_example\EWARM-RELEASE\Debug\Obj\error.o
#        C:\Users\Administrator\Desktop\sdk-ameba-v4.0c\project\realtek_amebaz_va0_example\EWARM-RELEASE\Debug\Obj\etharp.o
#        C:\Users\Administrator\Desktop\sdk-ameba-v4.0c\project\realtek_amebaz_va0_example\EWARM-RELEASE\Debug\Obj\ethernetif.o
#        C:\Users\Administrator\Desktop\sdk-ameba-v4.0c\project\realtek_amebaz_va0_example\EWARM-RELEASE\Debug\Obj\event_groups.o
#        C:\Users\Administrator\Desktop\sdk-ameba-v4.0c\project\realtek_amebaz_va0_example\EWARM-RELEASE\Debug\Obj\example_bcast.o
#        C:\Users\Administrator\Desktop\sdk-ameba-v4.0c\project\realtek_amebaz_va0_example\EWARM-RELEASE\Debug\Obj\example_coap.o
#        C:\Users\Administrator\Desktop\sdk-ameba-v4.0c\project\realtek_amebaz_va0_example\EWARM-RELEASE\Debug\Obj\example_eap.o
#        C:\Users\Administrator\Desktop\sdk-ameba-v4.0c\project\realtek_amebaz_va0_example\EWARM-RELEASE\Debug\Obj\example_entry.o
#        C:\Users\Administrator\Desktop\sdk-ameba-v4.0c\project\realtek_amebaz_va0_example\EWARM-RELEASE\Debug\Obj\example_get_beacon_frame.o
#        C:\Users\Administrator\Desktop\sdk-ameba-v4.0c\project\realtek_amebaz_va0_example\EWARM-RELEASE\Debug\Obj\example_google.o
#        C:\Users\Administrator\Desktop\sdk-ameba-v4.0c\project\realtek_amebaz_va0_example\EWARM-RELEASE\Debug\Obj\example_high_load_memory_use.o
#        C:\Users\Administrator\Desktop\sdk-ameba-v4.0c\project\realtek_amebaz_va0_example\EWARM-RELEASE\Debug\Obj\example_http_client.o
#        C:\Users\Administrator\Desktop\sdk-ameba-v4.0c\project\realtek_amebaz_va0_example\EWARM-RELEASE\Debug\Obj\example_http_download.o
#        C:\Users\Administrator\Desktop\sdk-ameba-v4.0c\project\realtek_amebaz_va0_example\EWARM-RELEASE\Debug\Obj\example_httpc.o
#        C:\Users\Administrator\Desktop\sdk-ameba-v4.0c\project\realtek_amebaz_va0_example\EWARM-RELEASE\Debug\Obj\example_httpd.o
#        C:\Users\Administrator\Desktop\sdk-ameba-v4.0c\project\realtek_amebaz_va0_example\EWARM-RELEASE\Debug\Obj\example_inic_gspi.o
#        C:\Users\Administrator\Desktop\sdk-ameba-v4.0c\project\realtek_amebaz_va0_example\EWARM-RELEASE\Debug\Obj\example_mcast.o
#        C:\Users\Administrator\Desktop\sdk-ameba-v4.0c\project\realtek_amebaz_va0_example\EWARM-RELEASE\Debug\Obj\example_mdns.o
#        C:\Users\Administrator\Desktop\sdk-ameba-v4.0c\project\realtek_amebaz_va0_example\EWARM-RELEASE\Debug\Obj\example_nonblock_connect.o
#        C:\Users\Administrator\Desktop\sdk-ameba-v4.0c\project\realtek_amebaz_va0_example\EWARM-RELEASE\Debug\Obj\example_rarp.o
#        C:\Users\Administrator\Desktop\sdk-ameba-v4.0c\project\realtek_amebaz_va0_example\EWARM-RELEASE\Debug\Obj\example_sntp_showtime.o
#        C:\Users\Administrator\Desktop\sdk-ameba-v4.0c\project\realtek_amebaz_va0_example\EWARM-RELEASE\Debug\Obj\example_socket_select.o
#        C:\Users\Administrator\Desktop\sdk-ameba-v4.0c\project\realtek_amebaz_va0_example\EWARM-RELEASE\Debug\Obj\example_ssl_download.o
#        C:\Users\Administrator\Desktop\sdk-ameba-v4.0c\project\realtek_amebaz_va0_example\EWARM-RELEASE\Debug\Obj\example_ssl_server.o
#        C:\Users\Administrator\Desktop\sdk-ameba-v4.0c\project\realtek_amebaz_va0_example\EWARM-RELEASE\Debug\Obj\example_tcp_keepalive.o
#        C:\Users\Administrator\Desktop\sdk-ameba-v4.0c\project\realtek_amebaz_va0_example\EWARM-RELEASE\Debug\Obj\example_uart_atcmd.o
#        C:\Users\Administrator\Desktop\sdk-ameba-v4.0c\project\realtek_amebaz_va0_example\EWARM-RELEASE\Debug\Obj\example_uart_update.o
#        C:\Users\Administrator\Desktop\sdk-ameba-v4.0c\project\realtek_amebaz_va0_example\EWARM-RELEASE\Debug\Obj\example_wifi_mac_monitor.o
#        C:\Users\Administrator\Desktop\sdk-ameba-v4.0c\project\realtek_amebaz_va0_example\EWARM-RELEASE\Debug\Obj\example_wifi_roaming.o
#        C:\Users\Administrator\Desktop\sdk-ameba-v4.0c\project\realtek_amebaz_va0_example\EWARM-RELEASE\Debug\Obj\example_wlan_fast_connect.o
#        C:\Users\Administrator\Desktop\sdk-ameba-v4.0c\project\realtek_amebaz_va0_example\EWARM-RELEASE\Debug\Obj\example_wlan_scenario.o
#        C:\Users\Administrator\Desktop\sdk-ameba-v4.0c\project\realtek_amebaz_va0_example\EWARM-RELEASE\Debug\Obj\example_wsclient.o
#        C:\Users\Administrator\Desktop\sdk-ameba-v4.0c\project\realtek_amebaz_va0_example\EWARM-RELEASE\Debug\Obj\example_xml.o
#        C:\Users\Administrator\Desktop\sdk-ameba-v4.0c\project\realtek_amebaz_va0_example\EWARM-RELEASE\Debug\Obj\flash_api.o
#        C:\Users\Administrator\Desktop\sdk-ameba-v4.0c\project\realtek_amebaz_va0_example\EWARM-RELEASE\Debug\Obj\freertos_service.o
#        C:\Users\Administrator\Desktop\sdk-ameba-v4.0c\project\realtek_amebaz_va0_example\EWARM-RELEASE\Debug\Obj\gcm.o
#        C:\Users\Administrator\Desktop\sdk-ameba-v4.0c\project\realtek_amebaz_va0_example\EWARM-RELEASE\Debug\Obj\google_tls.o
#        C:\Users\Administrator\Desktop\sdk-ameba-v4.0c\project\realtek_amebaz_va0_example\EWARM-RELEASE\Debug\Obj\gpio_api.o
#        C:\Users\Administrator\Desktop\sdk-ameba-v4.0c\project\realtek_amebaz_va0_example\EWARM-RELEASE\Debug\Obj\gpio_irq_api.o
#        C:\Users\Administrator\Desktop\sdk-ameba-v4.0c\project\realtek_amebaz_va0_example\EWARM-RELEASE\Debug\Obj\havege.o
#        C:\Users\Administrator\Desktop\sdk-ameba-v4.0c\project\realtek_amebaz_va0_example\EWARM-RELEASE\Debug\Obj\heap_5.o
#        C:\Users\Administrator\Desktop\sdk-ameba-v4.0c\project\realtek_amebaz_va0_example\EWARM-RELEASE\Debug\Obj\http_client.o
#        C:\Users\Administrator\Desktop\sdk-ameba-v4.0c\project\realtek_amebaz_va0_example\EWARM-RELEASE\Debug\Obj\httpc_tls.o
#        C:\Users\Administrator\Desktop\sdk-ameba-v4.0c\project\realtek_amebaz_va0_example\EWARM-RELEASE\Debug\Obj\httpd_tls.o
#        C:\Users\Administrator\Desktop\sdk-ameba-v4.0c\project\realtek_amebaz_va0_example\EWARM-RELEASE\Debug\Obj\i2c_api.o
#        C:\Users\Administrator\Desktop\sdk-ameba-v4.0c\project\realtek_amebaz_va0_example\EWARM-RELEASE\Debug\Obj\i2s_api.o
#        C:\Users\Administrator\Desktop\sdk-ameba-v4.0c\project\realtek_amebaz_va0_example\EWARM-RELEASE\Debug\Obj\icmp.o
#        C:\Users\Administrator\Desktop\sdk-ameba-v4.0c\project\realtek_amebaz_va0_example\EWARM-RELEASE\Debug\Obj\igmp.o
#        C:\Users\Administrator\Desktop\sdk-ameba-v4.0c\project\realtek_amebaz_va0_example\EWARM-RELEASE\Debug\Obj\inet.o
#        C:\Users\Administrator\Desktop\sdk-ameba-v4.0c\project\realtek_amebaz_va0_example\EWARM-RELEASE\Debug\Obj\inet_chksum.o
#        C:\Users\Administrator\Desktop\sdk-ameba-v4.0c\project\realtek_amebaz_va0_example\EWARM-RELEASE\Debug\Obj\init.o
#        C:\Users\Administrator\Desktop\sdk-ameba-v4.0c\project\realtek_amebaz_va0_example\EWARM-RELEASE\Debug\Obj\ip.o
#        C:\Users\Administrator\Desktop\sdk-ameba-v4.0c\project\realtek_amebaz_va0_example\EWARM-RELEASE\Debug\Obj\ip_addr.o
#        C:\Users\Administrator\Desktop\sdk-ameba-v4.0c\project\realtek_amebaz_va0_example\EWARM-RELEASE\Debug\Obj\ip_frag.o
#        C:\Users\Administrator\Desktop\sdk-ameba-v4.0c\component\soc\realtek\8711b\misc\bsp\lib\common\IAR\lib_http.a
#        C:\Users\Administrator\Desktop\sdk-ameba-v4.0c\component\soc\realtek\8711b\misc\bsp\lib\common\IAR\lib_mdns.a
#        C:\Users\Administrator\Desktop\sdk-ameba-v4.0c\component\soc\realtek\8711b\misc\bsp\lib\common\IAR\lib_platform.a
#        C:\Users\Administrator\Desktop\sdk-ameba-v4.0c\component\soc\realtek\8711b\misc\bsp\lib\common\IAR\lib_rtlstd.a
#        C:\Users\Administrator\Desktop\sdk-ameba-v4.0c\component\soc\realtek\8711b\misc\bsp\lib\common\IAR\lib_wlan.a
#        C:\Users\Administrator\Desktop\sdk-ameba-v4.0c\component\soc\realtek\8711b\misc\bsp\lib\common\IAR\lib_wps.a
#        C:\Users\Administrator\Desktop\sdk-ameba-v4.0c\component\soc\realtek\8711b\misc\bsp\lib\common\IAR\lib_xmodem.a
#        C:\Users\Administrator\Desktop\sdk-ameba-v4.0c\project\realtek_amebaz_va0_example\EWARM-RELEASE\Debug\Obj\list.o
#        C:\Users\Administrator\Desktop\sdk-ameba-v4.0c\project\realtek_amebaz_va0_example\EWARM-RELEASE\Debug\Obj\log_service.o
#        C:\Users\Administrator\Desktop\sdk-ameba-v4.0c\project\realtek_amebaz_va0_example\EWARM-RELEASE\Debug\Obj\low_level_io.o
#        C:\Users\Administrator\Desktop\sdk-ameba-v4.0c\project\realtek_amebaz_va0_example\EWARM-RELEASE\Debug\Obj\lwip_intf.o
#        C:\Users\Administrator\Desktop\sdk-ameba-v4.0c\project\realtek_amebaz_va0_example\EWARM-RELEASE\Debug\Obj\lwip_netconf.o
#        C:\Users\Administrator\Desktop\sdk-ameba-v4.0c\project\realtek_amebaz_va0_example\EWARM-RELEASE\Debug\Obj\lwip_timers.o
#        C:\Users\Administrator\Desktop\sdk-ameba-v4.0c\project\realtek_amebaz_va0_example\EWARM-RELEASE\Debug\Obj\main.o
#        C:\Users\Administrator\Desktop\sdk-ameba-v4.0c\project\realtek_amebaz_va0_example\EWARM-RELEASE\Debug\Obj\md2.o
#        C:\Users\Administrator\Desktop\sdk-ameba-v4.0c\project\realtek_amebaz_va0_example\EWARM-RELEASE\Debug\Obj\md4.o
#        C:\Users\Administrator\Desktop\sdk-ameba-v4.0c\project\realtek_amebaz_va0_example\EWARM-RELEASE\Debug\Obj\mDNSPlatform.o
#        C:\Users\Administrator\Desktop\sdk-ameba-v4.0c\project\realtek_amebaz_va0_example\EWARM-RELEASE\Debug\Obj\mem.o
#        C:\Users\Administrator\Desktop\sdk-ameba-v4.0c\project\realtek_amebaz_va0_example\EWARM-RELEASE\Debug\Obj\memory_buffer_alloc.o
#        C:\Users\Administrator\Desktop\sdk-ameba-v4.0c\project\realtek_amebaz_va0_example\EWARM-RELEASE\Debug\Obj\memp.o
#        C:\Users\Administrator\Desktop\sdk-ameba-v4.0c\project\realtek_amebaz_va0_example\EWARM-RELEASE\Debug\Obj\monitor.o
#        C:\Users\Administrator\Desktop\sdk-ameba-v4.0c\project\realtek_amebaz_va0_example\EWARM-RELEASE\Debug\Obj\net.o
#        C:\Users\Administrator\Desktop\sdk-ameba-v4.0c\project\realtek_amebaz_va0_example\EWARM-RELEASE\Debug\Obj\netbuf.o
#        C:\Users\Administrator\Desktop\sdk-ameba-v4.0c\project\realtek_amebaz_va0_example\EWARM-RELEASE\Debug\Obj\netdb.o
#        C:\Users\Administrator\Desktop\sdk-ameba-v4.0c\project\realtek_amebaz_va0_example\EWARM-RELEASE\Debug\Obj\netif.o
#        C:\Users\Administrator\Desktop\sdk-ameba-v4.0c\project\realtek_amebaz_va0_example\EWARM-RELEASE\Debug\Obj\netifapi.o
#        C:\Users\Administrator\Desktop\sdk-ameba-v4.0c\project\realtek_amebaz_va0_example\EWARM-RELEASE\Debug\Obj\nfc_api.o
#        C:\Users\Administrator\Desktop\sdk-ameba-v4.0c\project\realtek_amebaz_va0_example\EWARM-RELEASE\Debug\Obj\osdep_service.o
#        C:\Users\Administrator\Desktop\sdk-ameba-v4.0c\project\realtek_amebaz_va0_example\EWARM-RELEASE\Debug\Obj\padlock.o
#        C:\Users\Administrator\Desktop\sdk-ameba-v4.0c\project\realtek_amebaz_va0_example\EWARM-RELEASE\Debug\Obj\pbkdf2.o
#        C:\Users\Administrator\Desktop\sdk-ameba-v4.0c\project\realtek_amebaz_va0_example\EWARM-RELEASE\Debug\Obj\pbuf.o
#        C:\Users\Administrator\Desktop\sdk-ameba-v4.0c\project\realtek_amebaz_va0_example\EWARM-RELEASE\Debug\Obj\ping_test.o
#        C:\Users\Administrator\Desktop\sdk-ameba-v4.0c\project\realtek_amebaz_va0_example\EWARM-RELEASE\Debug\Obj\pinmap.o
#        C:\Users\Administrator\Desktop\sdk-ameba-v4.0c\project\realtek_amebaz_va0_example\EWARM-RELEASE\Debug\Obj\pinmap_common.o
#        C:\Users\Administrator\Desktop\sdk-ameba-v4.0c\project\realtek_amebaz_va0_example\EWARM-RELEASE\Debug\Obj\pkcs11.o
#        C:\Users\Administrator\Desktop\sdk-ameba-v4.0c\project\realtek_amebaz_va0_example\EWARM-RELEASE\Debug\Obj\pkcs12.o
#        C:\Users\Administrator\Desktop\sdk-ameba-v4.0c\project\realtek_amebaz_va0_example\EWARM-RELEASE\Debug\Obj\pkcs5.o
#        C:\Users\Administrator\Desktop\sdk-ameba-v4.0c\project\realtek_amebaz_va0_example\EWARM-RELEASE\Debug\Obj\pkparse.o
#        C:\Users\Administrator\Desktop\sdk-ameba-v4.0c\project\realtek_amebaz_va0_example\EWARM-RELEASE\Debug\Obj\platform.o
#        C:\Users\Administrator\Desktop\sdk-ameba-v4.0c\project\realtek_amebaz_va0_example\EWARM-RELEASE\Debug\Obj\port.o
#        C:\Users\Administrator\Desktop\sdk-ameba-v4.0c\project\realtek_amebaz_va0_example\EWARM-RELEASE\Debug\Obj\port_api.o
#        C:\Users\Administrator\Desktop\sdk-ameba-v4.0c\project\realtek_amebaz_va0_example\EWARM-RELEASE\Debug\Obj\portasm.o
#        C:\Users\Administrator\Desktop\sdk-ameba-v4.0c\project\realtek_amebaz_va0_example\EWARM-RELEASE\Debug\Obj\pwmout_api.o
#        C:\Users\Administrator\Desktop\sdk-ameba-v4.0c\project\realtek_amebaz_va0_example\EWARM-RELEASE\Debug\Obj\queue.o
#        C:\Users\Administrator\Desktop\sdk-ameba-v4.0c\project\realtek_amebaz_va0_example\EWARM-RELEASE\Debug\Obj\raw.o
#        C:\Users\Administrator\Desktop\sdk-ameba-v4.0c\project\realtek_amebaz_va0_example\EWARM-RELEASE\Debug\Obj\ripemd160.o
#        C:\Users\Administrator\Desktop\sdk-ameba-v4.0c\project\realtek_amebaz_va0_example\EWARM-RELEASE\Debug\Obj\rtc_api.o
#        C:\Users\Administrator\Desktop\sdk-ameba-v4.0c\project\realtek_amebaz_va0_example\EWARM-RELEASE\Debug\Obj\rtl8710b_dsleepcfg.o
#        C:\Users\Administrator\Desktop\sdk-ameba-v4.0c\project\realtek_amebaz_va0_example\EWARM-RELEASE\Debug\Obj\rtl8710b_dstandbycfg.o
#        C:\Users\Administrator\Desktop\sdk-ameba-v4.0c\project\realtek_amebaz_va0_example\EWARM-RELEASE\Debug\Obj\rtl8710b_intfcfg.o
#        C:\Users\Administrator\Desktop\sdk-ameba-v4.0c\project\realtek_amebaz_va0_example\EWARM-RELEASE\Debug\Obj\rtl8710b_ota.o
#        C:\Users\Administrator\Desktop\sdk-ameba-v4.0c\project\realtek_amebaz_va0_example\EWARM-RELEASE\Debug\Obj\rtl8710b_pinmapcfg.o
#        C:\Users\Administrator\Desktop\sdk-ameba-v4.0c\project\realtek_amebaz_va0_example\EWARM-RELEASE\Debug\Obj\rtl8710b_sleepcfg.o
#        C:\Users\Administrator\Desktop\sdk-ameba-v4.0c\project\realtek_amebaz_va0_example\EWARM-RELEASE\Debug\Obj\rtl_consol.o
#        C:\Users\Administrator\Desktop\sdk-ameba-v4.0c\project\realtek_amebaz_va0_example\EWARM-RELEASE\Debug\Obj\rtl_trace.o
#        C:\Users\Administrator\Desktop\sdk-ameba-v4.0c\project\realtek_amebaz_va0_example\EWARM-RELEASE\Debug\Obj\serial_api.o
#        C:\Users\Administrator\Desktop\sdk-ameba-v4.0c\project\realtek_amebaz_va0_example\EWARM-RELEASE\Debug\Obj\shtc1.o
#        C:\Users\Administrator\Desktop\sdk-ameba-v4.0c\project\realtek_amebaz_va0_example\EWARM-RELEASE\Debug\Obj\sleep.o
#        C:\Users\Administrator\Desktop\sdk-ameba-v4.0c\project\realtek_amebaz_va0_example\EWARM-RELEASE\Debug\Obj\sn_coap_ameba_port.o
#        C:\Users\Administrator\Desktop\sdk-ameba-v4.0c\project\realtek_amebaz_va0_example\EWARM-RELEASE\Debug\Obj\sn_coap_builder.o
#        C:\Users\Administrator\Desktop\sdk-ameba-v4.0c\project\realtek_amebaz_va0_example\EWARM-RELEASE\Debug\Obj\sn_coap_header_check.o
#        C:\Users\Administrator\Desktop\sdk-ameba-v4.0c\project\realtek_amebaz_va0_example\EWARM-RELEASE\Debug\Obj\sn_coap_parser.o
#        C:\Users\Administrator\Desktop\sdk-ameba-v4.0c\project\realtek_amebaz_va0_example\EWARM-RELEASE\Debug\Obj\sn_coap_protocol.o
#        C:\Users\Administrator\Desktop\sdk-ameba-v4.0c\project\realtek_amebaz_va0_example\EWARM-RELEASE\Debug\Obj\sockets.o
#        C:\Users\Administrator\Desktop\sdk-ameba-v4.0c\project\realtek_amebaz_va0_example\EWARM-RELEASE\Debug\Obj\spi_api.o
#        C:\Users\Administrator\Desktop\sdk-ameba-v4.0c\project\realtek_amebaz_va0_example\EWARM-RELEASE\Debug\Obj\ssl_cache.o
#        C:\Users\Administrator\Desktop\sdk-ameba-v4.0c\project\realtek_amebaz_va0_example\EWARM-RELEASE\Debug\Obj\ssl_ciphersuites.o
#        C:\Users\Administrator\Desktop\sdk-ameba-v4.0c\project\realtek_amebaz_va0_example\EWARM-RELEASE\Debug\Obj\ssl_cli.o
#        C:\Users\Administrator\Desktop\sdk-ameba-v4.0c\project\realtek_amebaz_va0_example\EWARM-RELEASE\Debug\Obj\ssl_client.o
#        C:\Users\Administrator\Desktop\sdk-ameba-v4.0c\project\realtek_amebaz_va0_example\EWARM-RELEASE\Debug\Obj\ssl_ram_map.o
#        C:\Users\Administrator\Desktop\sdk-ameba-v4.0c\project\realtek_amebaz_va0_example\EWARM-RELEASE\Debug\Obj\ssl_srv.o
#        C:\Users\Administrator\Desktop\sdk-ameba-v4.0c\project\realtek_amebaz_va0_example\EWARM-RELEASE\Debug\Obj\ssl_tls.o
#        C:\Users\Administrator\Desktop\sdk-ameba-v4.0c\project\realtek_amebaz_va0_example\EWARM-RELEASE\Debug\Obj\startup.o
#        C:\Users\Administrator\Desktop\sdk-ameba-v4.0c\project\realtek_amebaz_va0_example\EWARM-RELEASE\Debug\Obj\stats.o
#        C:\Users\Administrator\Desktop\sdk-ameba-v4.0c\project\realtek_amebaz_va0_example\EWARM-RELEASE\Debug\Obj\sys.o
#        C:\Users\Administrator\Desktop\sdk-ameba-v4.0c\project\realtek_amebaz_va0_example\EWARM-RELEASE\Debug\Obj\sys_api.o
#        C:\Users\Administrator\Desktop\sdk-ameba-v4.0c\project\realtek_amebaz_va0_example\EWARM-RELEASE\Debug\Obj\sys_arch.o
#        C:\Users\Administrator\Desktop\sdk-ameba-v4.0c\project\realtek_amebaz_va0_example\EWARM-RELEASE\Debug\Obj\tasks.o
#        C:\Users\Administrator\Desktop\sdk-ameba-v4.0c\project\realtek_amebaz_va0_example\EWARM-RELEASE\Debug\Obj\tcp.o
#        C:\Users\Administrator\Desktop\sdk-ameba-v4.0c\project\realtek_amebaz_va0_example\EWARM-RELEASE\Debug\Obj\tcp_in.o
#        C:\Users\Administrator\Desktop\sdk-ameba-v4.0c\project\realtek_amebaz_va0_example\EWARM-RELEASE\Debug\Obj\tcp_out.o
#        C:\Users\Administrator\Desktop\sdk-ameba-v4.0c\project\realtek_amebaz_va0_example\EWARM-RELEASE\Debug\Obj\tcpip.o
#        C:\Users\Administrator\Desktop\sdk-ameba-v4.0c\project\realtek_amebaz_va0_example\EWARM-RELEASE\Debug\Obj\tcptest.o
#        C:\Users\Administrator\Desktop\sdk-ameba-v4.0c\project\realtek_amebaz_va0_example\EWARM-RELEASE\Debug\Obj\threading.o
#        C:\Users\Administrator\Desktop\sdk-ameba-v4.0c\project\realtek_amebaz_va0_example\EWARM-RELEASE\Debug\Obj\timer_api.o
#        C:\Users\Administrator\Desktop\sdk-ameba-v4.0c\project\realtek_amebaz_va0_example\EWARM-RELEASE\Debug\Obj\timers.o
#        C:\Users\Administrator\Desktop\sdk-ameba-v4.0c\project\realtek_amebaz_va0_example\EWARM-RELEASE\Debug\Obj\timing.o
#        C:\Users\Administrator\Desktop\sdk-ameba-v4.0c\project\realtek_amebaz_va0_example\EWARM-RELEASE\Debug\Obj\uart_adapter.o
#        C:\Users\Administrator\Desktop\sdk-ameba-v4.0c\project\realtek_amebaz_va0_example\EWARM-RELEASE\Debug\Obj\uart_fw_update.o
#        C:\Users\Administrator\Desktop\sdk-ameba-v4.0c\project\realtek_amebaz_va0_example\EWARM-RELEASE\Debug\Obj\uart_socket.o
#        C:\Users\Administrator\Desktop\sdk-ameba-v4.0c\project\realtek_amebaz_va0_example\EWARM-RELEASE\Debug\Obj\udp.o
#        C:\Users\Administrator\Desktop\sdk-ameba-v4.0c\project\realtek_amebaz_va0_example\EWARM-RELEASE\Debug\Obj\us_ticker.o
#        C:\Users\Administrator\Desktop\sdk-ameba-v4.0c\project\realtek_amebaz_va0_example\EWARM-RELEASE\Debug\Obj\us_ticker_api.o
#        C:\Users\Administrator\Desktop\sdk-ameba-v4.0c\project\realtek_amebaz_va0_example\EWARM-RELEASE\Debug\Obj\version.o
#        C:\Users\Administrator\Desktop\sdk-ameba-v4.0c\project\realtek_amebaz_va0_example\EWARM-RELEASE\Debug\Obj\version_features.o
#        C:\Users\Administrator\Desktop\sdk-ameba-v4.0c\project\realtek_amebaz_va0_example\EWARM-RELEASE\Debug\Obj\wait_api.o
#        C:\Users\Administrator\Desktop\sdk-ameba-v4.0c\project\realtek_amebaz_va0_example\EWARM-RELEASE\Debug\Obj\wdt_api.o
#        C:\Users\Administrator\Desktop\sdk-ameba-v4.0c\project\realtek_amebaz_va0_example\EWARM-RELEASE\Debug\Obj\webserver.o
#        C:\Users\Administrator\Desktop\sdk-ameba-v4.0c\project\realtek_amebaz_va0_example\EWARM-RELEASE\Debug\Obj\wifi_conf.o
#        C:\Users\Administrator\Desktop\sdk-ameba-v4.0c\project\realtek_amebaz_va0_example\EWARM-RELEASE\Debug\Obj\wifi_eap_config.o
#        C:\Users\Administrator\Desktop\sdk-ameba-v4.0c\project\realtek_amebaz_va0_example\EWARM-RELEASE\Debug\Obj\wifi_ind.o
#        C:\Users\Administrator\Desktop\sdk-ameba-v4.0c\project\realtek_amebaz_va0_example\EWARM-RELEASE\Debug\Obj\wifi_promisc.o
#        C:\Users\Administrator\Desktop\sdk-ameba-v4.0c\project\realtek_amebaz_va0_example\EWARM-RELEASE\Debug\Obj\wifi_simple_config.o
#        C:\Users\Administrator\Desktop\sdk-ameba-v4.0c\project\realtek_amebaz_va0_example\EWARM-RELEASE\Debug\Obj\wifi_util.o
#        C:\Users\Administrator\Desktop\sdk-ameba-v4.0c\project\realtek_amebaz_va0_example\EWARM-RELEASE\Debug\Obj\wifi_wps_config.o
#        C:\Users\Administrator\Desktop\sdk-ameba-v4.0c\project\realtek_amebaz_va0_example\EWARM-RELEASE\Debug\Obj\wigadget.o
#        C:\Users\Administrator\Desktop\sdk-ameba-v4.0c\project\realtek_amebaz_va0_example\EWARM-RELEASE\Debug\Obj\wlan_network.o
#        C:\Users\Administrator\Desktop\sdk-ameba-v4.0c\project\realtek_amebaz_va0_example\EWARM-RELEASE\Debug\Obj\ws2812b.o
#        C:\Users\Administrator\Desktop\sdk-ameba-v4.0c\project\realtek_amebaz_va0_example\EWARM-RELEASE\Debug\Obj\x509.o
#        C:\Users\Administrator\Desktop\sdk-ameba-v4.0c\project\realtek_amebaz_va0_example\EWARM-RELEASE\Debug\Obj\x509_create.o
#        C:\Users\Administrator\Desktop\sdk-ameba-v4.0c\project\realtek_amebaz_va0_example\EWARM-RELEASE\Debug\Obj\x509_crl.o
#        C:\Users\Administrator\Desktop\sdk-ameba-v4.0c\project\realtek_amebaz_va0_example\EWARM-RELEASE\Debug\Obj\x509_crt.o
#        C:\Users\Administrator\Desktop\sdk-ameba-v4.0c\project\realtek_amebaz_va0_example\EWARM-RELEASE\Debug\Obj\x509_csr.o
#        C:\Users\Administrator\Desktop\sdk-ameba-v4.0c\project\realtek_amebaz_va0_example\EWARM-RELEASE\Debug\Obj\x509write_crt.o
#        C:\Users\Administrator\Desktop\sdk-ameba-v4.0c\project\realtek_amebaz_va0_example\EWARM-RELEASE\Debug\Obj\x509write_csr.o
#        C:\Users\Administrator\Desktop\sdk-ameba-v4.0c\project\realtek_amebaz_va0_example\EWARM-RELEASE\Debug\Obj\xml.o
#        C:\Users\Administrator\Desktop\sdk-ameba-v4.0c\project\realtek_amebaz_va0_example\EWARM-RELEASE\Debug\Obj\xtea.o
#        --redirect _Printf=_PrintfTiny --redirect _Scanf=_ScanfSmallNoMb -o
#        C:\Users\Administrator\Desktop\sdk-ameba-v4.0c\project\realtek_amebaz_va0_example\EWARM-RELEASE\Debug\Exe\application.axf
#        --keep bootloader --keep gImage2EntryFun0 --keep RAM_IMG2_VALID_PATTEN
#        --image_input=C:\Users\Administrator\Desktop\sdk-ameba-v4.0c\component\soc\realtek\8195a\misc\bsp\image\ram_1.r.bin,bootloader,LOADER,4
#        --map
#        C:\Users\Administrator\Desktop\sdk-ameba-v4.0c\project\realtek_amebaz_va0_example\EWARM-RELEASE\Debug\List\application.map
#        --log veneers --log_file
#        C:\Users\Administrator\Desktop\sdk-ameba-v4.0c\project\realtek_amebaz_va0_example\EWARM-RELEASE\Debug\List\application.log
#        --config
#        C:\Users\Administrator\Desktop\sdk-ameba-v4.0c\project\realtek_amebaz_va0_example\EWARM-RELEASE\image2.icf
#        --diag_suppress Lt009,Lp005,Lp006 --redirect malloc=pvPortMalloc
#        --redirect realloc=pvPortReAlloc --redirect free=vPortFree --entry
#        Reset_Handler --no_exceptions --no_vfe
#
###############################################################################

*******************************************************************************
*** RUNTIME MODEL ATTRIBUTES
***

CppFlavor                     = *
__SystemLibrary               = DLib
__dlib_dynamic_initialization = normal


*******************************************************************************
*** PLACEMENT SUMMARY
***

"A3":  place at start of [0x10005000-0x1002ffff] {
          rw, block IMAGE2, block .ram_image2.bss, block .ram_image2.skb.bss,
          block .ram_heap.data, section .heap.stdlib };
"A4":  place at start of [0x08000020-0x08003fff] {
          block Bootloader, rw, block .xip_image1.text };
"A5":  place at start of [0x0800b020-0x080fffff] { rw, block .xip_image2.text };
 { section .image2.entry.data* };
 { section .image2.validate.rodata* };

  Section                 Kind        Address     Size  Object
  -------                 ----        -------     ----  ------
"A4":                                           0x3a4c
  Bootloader                       0x08000020   0x3a4c  <Block>
    LOADER                const    0x08000020   0x3a4c  ram_1.r.bin [1]
                                 - 0x08003a6c   0x3a4c

"A5":                                          0x47864
  .xip_image2.text                 0x0800b020  0x47864  <Block>
    .img2_custom_signature
                          const    0x0800b020     0x20  rtl8710b_ota.o [2]
    .text                 ro code  0x0800b040    0x47c  api_lib.o [2]
    Veneer                ro code  0x0800b4bc      0x8  - Linker created -
    .text                 ro code  0x0800b4c4    0xb44  api_msg.o [2]
    .text                 ro code  0x0800c008    0x1f6  sys_arch.o [2]
    .text                 ro code  0x0800c1fe     0x1e  xsscin.o [4]
    .text                 ro code  0x0800c21c     0xd0  memp.o [2]
    .text                 ro code  0x0800c2ec    0x214  tcpip.o [2]
    Veneer                ro code  0x0800c500      0x8  - Linker created -
    .text                 ro code  0x0800c508    0x458  pbuf.o [2]
    .text                 ro code  0x0800c960     0x72  netbuf.o [2]
    Veneer                ro code  0x0800c9d4      0x8  - Linker created -
    .text                 ro code  0x0800c9dc    0xb30  tcp.o [2]
    .text                 ro code  0x0800d50c    0x418  udp.o [2]
    .text                 ro code  0x0800d924    0x174  raw.o [2]
    .text                 ro code  0x0800da98    0xa42  tcp_out.o [2]
    Veneer                ro code  0x0800e4dc      0x8  - Linker created -
    .text                 ro code  0x0800e4e4    0x6ac  dns.o [2]
    .text                 ro code  0x0800eb90    0x4a2  queue.o [2]
    Veneer                ro code  0x0800f034      0x8  - Linker created -
    .text                 ro code  0x0800f03c    0x894  tasks.o [2]
    .text                 ro code  0x0800f8d0    0x128  port.o [2]
    .text                 ro code  0x0800f9f8    0x260  lwip_timers.o [2]
    .text                 ro code  0x0800fc58    0x718  etharp.o [2]
    .text                 ro code  0x08010370    0x354  ip.o [2]
    .text                 ro code  0x080106c4     0x2e  init.o [2]
    .text                 ro code  0x080106f4    0x26a  mem.o [2]
    .text                 ro code  0x08010960    0x1d6  ip_addr.o [2]
    .text                 ro code  0x08010b36     0x26  def.o [2]
    .text                 ro code  0x08010b5c    0x148  inet_chksum.o [2]
    .text                 ro code  0x08010ca4    0x188  icmp.o [2]
    .text                 ro code  0x08010e2c     0xe0  rand.o [4]
    .text                 ro code  0x08010f0c     0x8e  list.o [2]
    .text                 ro code  0x08010f9c    0x1d0  heap_5.o [2]
    .text                 ro code  0x0801116c    0x34c  timers.o [2]
    Veneer                ro code  0x080114b8      0x8  - Linker created -
    Veneer                ro code  0x080114c0      0x8  - Linker created -
    Veneer                ro code  0x080114c8      0x8  - Linker created -
    Veneer                ro code  0x080114d0      0x8  - Linker created -
    Veneer                ro code  0x080114d8      0x8  - Linker created -
    Veneer                ro code  0x080114e0      0x8  - Linker created -
    .text                 ro code  0x080114e8    0x5c4  rtl8710b_freertos_pmu.o [7]
    .text                 ro code  0x08011aac     0x34  port.o [2]
    .text                 ro code  0x08011ae0     0x24  printf.o [4]
    .text                 ro code  0x08011b04    0x508  ip_frag.o [2]
    .text                 ro code  0x0801200c    0xd70  dhcp.o [2]
    .text                 ro code  0x08012d7c    0x2e4  autoip.o [2]
    .text                 ro code  0x08013060    0x3f8  igmp.o [2]
    .text                 ro code  0x08013458      0x6  ABImemclr.o [12]
    .text                 ro code  0x08013460    0xebc  tcp_in.o [2]
    .text                 ro code  0x0801431c    0x192  netif.o [2]
    .text                 ro code  0x080144b0    0xc2c  sockets.o [2]
    .text                 ro code  0x080150dc      0x2  xtls.o [4]
    Veneer                ro code  0x080150e0      0x8  - Linker created -
    Veneer                ro code  0x080150e8      0x8  - Linker created -
    Veneer                ro code  0x080150f0      0x8  - Linker created -
    Veneer                ro code  0x080150f8      0x8  - Linker created -
    Veneer                ro code  0x08015100      0x8  - Linker created -
    Veneer                ro code  0x08015108      0x8  - Linker created -
    Veneer                ro code  0x08015110      0x8  - Linker created -
    Veneer                ro code  0x08015118      0x8  - Linker created -
    Veneer                ro code  0x08015120      0x8  - Linker created -
    Veneer                ro code  0x08015128      0x8  - Linker created -
    Veneer                ro code  0x08015130      0x8  - Linker created -
    Veneer                ro code  0x08015138      0x8  - Linker created -
    .text                 ro code  0x08015140    0x10c  system_8195a.o [7]
    .text                 ro code  0x0801524c    0x4f0  osdep_service.o [2]
    .text                 ro code  0x0801573c    0x3f4  lwip_netconf.o [2]
    Veneer                ro code  0x08015b30      0x8  - Linker created -
    Veneer                ro code  0x08015b38      0x8  - Linker created -
    Veneer                ro code  0x08015b40      0x8  - Linker created -
    Veneer                ro code  0x08015b48      0x8  - Linker created -
    Veneer                ro code  0x08015b50      0x8  - Linker created -
    Veneer                ro code  0x08015b58      0x8  - Linker created -
    Veneer                ro code  0x08015b60      0x8  - Linker created -
    Veneer                ro code  0x08015b68      0x8  - Linker created -
    Veneer                ro code  0x08015b70      0x8  - Linker created -
    Veneer                ro code  0x08015b78      0x8  - Linker created -
    Veneer                ro code  0x08015b80      0x8  - Linker created -
    Veneer                ro code  0x08015b88      0x8  - Linker created -
    Veneer                ro code  0x08015b90      0x8  - Linker created -
    Veneer                ro code  0x08015b98      0x8  - Linker created -
    Veneer                ro code  0x08015ba0      0x8  - Linker created -
    Veneer                ro code  0x08015ba8      0x8  - Linker created -
    Veneer                ro code  0x08015bb0      0x8  - Linker created -
    Veneer                ro code  0x08015bb8      0x8  - Linker created -
    Veneer                ro code  0x08015bc0      0x8  - Linker created -
    Veneer                ro code  0x08015bc8      0x8  - Linker created -
    Veneer                ro code  0x08015bd0      0x8  - Linker created -
    Veneer                ro code  0x08015bd8      0x8  - Linker created -
    Veneer                ro code  0x08015be0      0x8  - Linker created -
    Veneer                ro code  0x08015be8      0x8  - Linker created -
    Veneer                ro code  0x08015bf0      0x8  - Linker created -
    .text                 ro code  0x08015bf8    0x694  rtl8710b_psm.o [7]
    .text                 ro code  0x0801628c    0x14e  xprintftiny.o [4]
    .text                 ro code  0x080163dc     0x1c  I32ToDbl.o [11]
    .text                 ro code  0x080163f8    0x1a2  DblMul.o [11]
    .text                 ro code  0x0801659c     0x2c  DblToI32.o [11]
    .text                 ro code  0x080165c8     0x20  srand.o [4]
    .text                 ro code  0x080165e8     0x66  ABImemset.o [12]
    Veneer                ro code  0x08016650      0x8  - Linker created -
    Veneer                ro code  0x08016658      0x8  - Linker created -
    Veneer                ro code  0x08016660      0x8  - Linker created -
    Veneer                ro code  0x08016668      0x8  - Linker created -
    .text                 ro code  0x08016670    0x12c  ram_libc.o [8]
    .text                 ro code  0x0801679c     0xb4  wifi_ind.o [2]
    Veneer                ro code  0x08016850      0x8  - Linker created -
    .text                 ro code  0x08016858    0x810  lxbus_suspend.o [9]
    .text                 ro code  0x08017068     0x10  rtl8710b_bor.o [7]
    Veneer                ro code  0x08017078      0x8  - Linker created -
    .text                 ro code  0x08017080     0xac  rtl8710b_pinmap.o [7]
    Veneer                ro code  0x0801712c      0x8  - Linker created -
    Veneer                ro code  0x08017134      0x8  - Linker created -
    Veneer                ro code  0x0801713c      0x8  - Linker created -
    Veneer                ro code  0x08017144      0x8  - Linker created -
    Veneer                ro code  0x0801714c      0x8  - Linker created -
    Veneer                ro code  0x08017154      0x8  - Linker created -
    Veneer                ro code  0x0801715c      0x8  - Linker created -
    Veneer                ro code  0x08017164      0x8  - Linker created -
    Veneer                ro code  0x0801716c      0x8  - Linker created -
    Veneer                ro code  0x08017174      0x8  - Linker created -
    Veneer                ro code  0x0801717c      0x8  - Linker created -
    Veneer                ro code  0x08017184      0x8  - Linker created -
    Veneer                ro code  0x0801718c      0x8  - Linker created -
    Veneer                ro code  0x08017194      0x8  - Linker created -
    Veneer                ro code  0x0801719c      0x8  - Linker created -
    .text                 ro code  0x080171a4    0x31c  rtl_consol.o [2]
    .text                 ro code  0x080174c0     0x36  strlen.o [12]
    Veneer                ro code  0x080174f8      0x8  - Linker created -
    .text                 ro code  0x08017500    0x104  ram_libgloss_retarget.o [8]
    .text                 ro code  0x08017604     0x54  rtw_io.o [9]
    .text                 ro code  0x08017658    0xdf0  lxbus_ops.o [9]
    Veneer                ro code  0x08018448      0x8  - Linker created -
    Veneer                ro code  0x08018450      0x8  - Linker created -
    Veneer                ro code  0x08018458      0x8  - Linker created -
    Veneer                ro code  0x08018460      0x8  - Linker created -
    Veneer                ro code  0x08018468      0x8  - Linker created -
    Veneer                ro code  0x08018470      0x8  - Linker created -
    .text                 ro code  0x08018478    0xd28  rtl8711b_cmd.o [9]
    Veneer                ro code  0x080191a0      0x8  - Linker created -
    Veneer                ro code  0x080191a8      0x8  - Linker created -
    Veneer                ro code  0x080191b0      0x8  - Linker created -
    Veneer                ro code  0x080191b8      0x8  - Linker created -
    Veneer                ro code  0x080191c0      0x8  - Linker created -
    Veneer                ro code  0x080191c8      0x8  - Linker created -
    Veneer                ro code  0x080191d0      0x8  - Linker created -
    Veneer                ro code  0x080191d8      0x8  - Linker created -
    Veneer                ro code  0x080191e0      0x8  - Linker created -
    Veneer                ro code  0x080191e8      0x8  - Linker created -
    Veneer                ro code  0x080191f0      0x8  - Linker created -
    Veneer                ro code  0x080191f8      0x8  - Linker created -
    Veneer                ro code  0x08019200      0x8  - Linker created -
    Veneer                ro code  0x08019208      0x8  - Linker created -
    Veneer                ro code  0x08019210      0x8  - Linker created -
    .text                 ro code  0x08019218    0xc2a  rtw_wlan_util.o [9]
    .text                 ro code  0x08019e42    0x44e  hal_intf.o [9]
    .text                 ro code  0x0801a290    0x718  rtw_pwrctrl.o [9]
    .text                 ro code  0x0801a9a8    0x624  rtw_sta_mgt.o [9]
    Veneer                ro code  0x0801afcc      0x8  - Linker created -
    Veneer                ro code  0x0801afd4      0x8  - Linker created -
    .text                 ro code  0x0801afdc   0x1074  rtw_cmd.o [9]
    .text                 ro code  0x0801c050    0x100  freertos_xmit.o [9]
    Veneer                ro code  0x0801c150      0x8  - Linker created -
    Veneer                ro code  0x0801c158      0x8  - Linker created -
    Veneer                ro code  0x0801c160      0x8  - Linker created -
    Veneer                ro code  0x0801c168      0x8  - Linker created -
    Veneer                ro code  0x0801c170      0x8  - Linker created -
    Veneer                ro code  0x0801c178      0x8  - Linker created -
    Veneer                ro code  0x0801c180      0x8  - Linker created -
    Veneer                ro code  0x0801c188      0x8  - Linker created -
    Veneer                ro code  0x0801c190      0x8  - Linker created -
    Veneer                ro code  0x0801c198      0x8  - Linker created -
    .text                 ro code  0x0801c1a0    0x5b0  monitor.o [2]
    Veneer                ro code  0x0801c750      0x8  - Linker created -
    Veneer                ro code  0x0801c758      0x8  - Linker created -
    .text                 ro code  0x0801c760    0x46c  log_service.o [2]
    .text                 ro code  0x0801cbcc   0x1740  rtw_xmit.o [9]
    .text                 ro code  0x0801e30c    0x91a  rtl8711b_xmit.o [9]
    .text                 ro code  0x0801ec28   0x143c  rtw_mlme.o [9]
    Veneer                ro code  0x08020064      0x8  - Linker created -
    Veneer                ro code  0x0802006c      0x8  - Linker created -
    Veneer                ro code  0x08020074      0x8  - Linker created -
    Veneer                ro code  0x0802007c      0x8  - Linker created -
    Veneer                ro code  0x08020084      0x8  - Linker created -
    Veneer                ro code  0x0802008c      0x8  - Linker created -
    .text                 ro code  0x08020094   0x4cc0  rtw_mlme_ext.o [9]
    .text                 ro code  0x08024d54    0x3a0  freertos_skbuff.o [9]
    .text                 ro code  0x080250f4    0x266  rtl8711b_rxdesc.o [9]
    Veneer                ro code  0x0802535c      0x8  - Linker created -
    .text                 ro code  0x08025364   0x1528  rtw_recv.o [9]
    .text                 ro code  0x0802688c    0xc20  hal_com.o [9]
    .text                 ro code  0x080274ac      0x6  ABImemclr4.o [12]
    Veneer                ro code  0x080274b4      0x8  - Linker created -
    Veneer                ro code  0x080274bc      0x8  - Linker created -
    Veneer                ro code  0x080274c4      0x8  - Linker created -
    Veneer                ro code  0x080274cc      0x8  - Linker created -
    Veneer                ro code  0x080274d4      0x8  - Linker created -
    Veneer                ro code  0x080274dc      0x8  - Linker created -
    Veneer                ro code  0x080274e4      0x8  - Linker created -
    Veneer                ro code  0x080274ec      0x8  - Linker created -
    Veneer                ro code  0x080274f4      0x8  - Linker created -
    Veneer                ro code  0x080274fc      0x8  - Linker created -
    Veneer                ro code  0x08027504      0x8  - Linker created -
    Veneer                ro code  0x0802750c      0x8  - Linker created -
    Veneer                ro code  0x08027514      0x8  - Linker created -
    Veneer                ro code  0x0802751c      0x8  - Linker created -
    Veneer                ro code  0x08027524      0x8  - Linker created -
    Veneer                ro code  0x0802752c      0x8  - Linker created -
    Veneer                ro code  0x08027534      0x8  - Linker created -
    Veneer                ro code  0x0802753c      0x8  - Linker created -
    Veneer                ro code  0x08027544      0x8  - Linker created -
    Veneer                ro code  0x0802754c      0x8  - Linker created -
    Veneer                ro code  0x08027554      0x8  - Linker created -
    Veneer                ro code  0x0802755c      0x8  - Linker created -
    Veneer                ro code  0x08027564      0x8  - Linker created -
    Veneer                ro code  0x0802756c      0x8  - Linker created -
    Veneer                ro code  0x08027574      0x8  - Linker created -
    Veneer                ro code  0x0802757c      0x8  - Linker created -
    Veneer                ro code  0x08027584      0x8  - Linker created -
    Veneer                ro code  0x0802758c      0x8  - Linker created -
    .text                 ro code  0x08027594   0x10ce  rtl8711b_hal_init.o [9]
    .text                 ro code  0x08028664    0x374  phydm_RaInfo.o [9]
    .text                 ro code  0x080289d8    0x270  lwip_intf.o [2]
    Veneer                ro code  0x08028c48      0x8  - Linker created -
    Veneer                ro code  0x08028c50      0x8  - Linker created -
    Veneer                ro code  0x08028c58      0x8  - Linker created -
    .text                 ro code  0x08028c60   0x1650  rtw_ap.o [9]
    .text                 ro code  0x0802a2b0    0x380  rtw_intfs.o [9]
    .text                 ro code  0x0802a630    0xc74  rtk_wlan_if.o [9]
    Veneer                ro code  0x0802b2a4      0x8  - Linker created -
    Veneer                ro code  0x0802b2ac      0x8  - Linker created -
    Veneer                ro code  0x0802b2b4      0x8  - Linker created -
    Veneer                ro code  0x0802b2bc      0x8  - Linker created -
    .text                 ro code  0x0802b2c4   0x32d4  freertos_ioctl.o [9]
    Veneer                ro code  0x0802e598      0x8  - Linker created -
    Veneer                ro code  0x0802e5a0      0x8  - Linker created -
    Veneer                ro code  0x0802e5a8      0x8  - Linker created -
    Veneer                ro code  0x0802e5b0      0x8  - Linker created -
    Veneer                ro code  0x0802e5b8      0x8  - Linker created -
    Veneer                ro code  0x0802e5c0      0x8  - Linker created -
    Veneer                ro code  0x0802e5c8      0x8  - Linker created -
    Veneer                ro code  0x0802e5d0      0x8  - Linker created -
    Veneer                ro code  0x0802e5d8      0x8  - Linker created -
    Veneer                ro code  0x0802e5e0      0x8  - Linker created -
    Veneer                ro code  0x0802e5e8      0x8  - Linker created -
    Veneer                ro code  0x0802e5f0      0x8  - Linker created -
    Veneer                ro code  0x0802e5f8      0x8  - Linker created -
    Veneer                ro code  0x0802e600      0x8  - Linker created -
    Veneer                ro code  0x0802e608      0x8  - Linker created -
    Veneer                ro code  0x0802e610      0x8  - Linker created -
    Veneer                ro code  0x0802e618      0x8  - Linker created -
    Veneer                ro code  0x0802e620      0x8  - Linker created -
    Veneer                ro code  0x0802e628      0x8  - Linker created -
    Veneer                ro code  0x0802e630      0x8  - Linker created -
    .text                 ro code  0x0802e638   0x1570  rtw_psk.o [9]
    .text                 ro code  0x0802fba8     0x16  wifi_eap_config.o [2]
    .text                 ro code  0x0802fbc0    0xee0  wifi_util.o [2]
    Veneer                ro code  0x08030aa0      0x8  - Linker created -
    .text                 ro code  0x08030aa8   0x17c8  atcmd_wifi.o [2]
    Veneer                ro code  0x08032270      0x8  - Linker created -
    Veneer                ro code  0x08032278      0x8  - Linker created -
    Veneer                ro code  0x08032280      0x8  - Linker created -
    Veneer                ro code  0x08032288      0x8  - Linker created -
    Veneer                ro code  0x08032290      0x8  - Linker created -
    Veneer                ro code  0x08032298      0x8  - Linker created -
    .text                 ro code  0x080322a0    0x314  rtw_security.o [9]
    .text                 ro code  0x080325b4    0xb10  freertos_intfs.o [9]
    .text                 ro code  0x080330c4     0x76  ABImemcpy_unaligned.o [12]
    .text                 ro code  0x0803313c    0x1f6  rtw_ieee80211.o [9]
    Veneer                ro code  0x08033334      0x8  - Linker created -
    .text                 ro code  0x0803333c    0x738  freertos_service.o [2]
    .text                 ro code  0x08033a74    0x668  phydm_HWConfig.o [9]
    .text                 ro code  0x080340dc    0x3d0  freertos_recv.o [9]
    .text                 ro code  0x080344ac    0x3a8  wifi_promisc.o [2]
    .text                 ro code  0x08034854     0x32  ABImemset48.o [12]
    .text                 ro code  0x08034888    0x7dc  phydm_DIG.o [9]
    .text                 ro code  0x08035064    0x33a  PhyDM_Adaptivity.o [9]
    .text                 ro code  0x080353a0    0x47a  phydm.o [9]
    .text                 ro code  0x0803581c    0x154  ethernetif.o [2]
    .text                 ro code  0x08035970    0x552  rtw_ioctl_set.o [9]
    .text                 ro code  0x08035ec4     0x24  sscanf.o [4]
    .text                 ro code  0x08035ee8    0x352  phydm_ACS.o [9]
    .text                 ro code  0x0803623c    0xa58  hal_com_phycfg.o [9]
    Veneer                ro code  0x08036c94      0x8  - Linker created -
    Veneer                ro code  0x08036c9c      0x8  - Linker created -
    Veneer                ro code  0x08036ca4      0x8  - Linker created -
    Veneer                ro code  0x08036cac      0x8  - Linker created -
    Veneer                ro code  0x08036cb4      0x8  - Linker created -
    .text                 ro code  0x08036cbc    0x440  rtl8711b_hal_efuse.o [9]
    .text                 ro code  0x080370fc   0x104c  HalHWImg8711B_BB.o [9]
    .text                 ro code  0x08038148   0x172a  wifi_conf.o [2]
    .text                 ro code  0x08039874   0x1ad8  wifi_simple_config.o [2]
    .text                 ro code  0x0803b34c    0x8ee  dhcps.o [2]
    Veneer                ro code  0x0803bc3c      0x8  - Linker created -
    Veneer                ro code  0x0803bc44      0x8  - Linker created -
    Veneer                ro code  0x0803bc4c      0x8  - Linker created -
    Veneer                ro code  0x0803bc54      0x8  - Linker created -
    .text                 ro code  0x0803bc5c   0x1008  rtl8710b_ota.o [2]
    .text                 ro code  0x0803cc64    0x624  ping_test.o [2]
    Veneer                ro code  0x0803d288      0x8  - Linker created -
    .text                 ro code  0x0803d290   0x1fbc  tcptest.o [2]
    .text                 ro code  0x0803f24c    0x190  netdev.o [9]
    Veneer                ro code  0x0803f3dc      0x8  - Linker created -
    Veneer                ro code  0x0803f3e4      0x8  - Linker created -
    Veneer                ro code  0x0803f3ec      0x8  - Linker created -
    Veneer                ro code  0x0803f3f4      0x8  - Linker created -
    Veneer                ro code  0x0803f3fc      0x8  - Linker created -
    Veneer                ro code  0x0803f404      0x8  - Linker created -
    Veneer                ro code  0x0803f40c      0x8  - Linker created -
    Veneer                ro code  0x0803f414      0x8  - Linker created -
    Veneer                ro code  0x0803f41c      0x8  - Linker created -
    Veneer                ro code  0x0803f424      0x8  - Linker created -
    Veneer                ro code  0x0803f42c      0x8  - Linker created -
    Veneer                ro code  0x0803f434      0x8  - Linker created -
    Veneer                ro code  0x0803f43c      0x8  - Linker created -
    Veneer                ro code  0x0803f444      0x8  - Linker created -
    Veneer                ro code  0x0803f44c      0x8  - Linker created -
    Veneer                ro code  0x0803f454      0x8  - Linker created -
    Veneer                ro code  0x0803f45c      0x8  - Linker created -
    .text                 ro code  0x0803f464    0x70c  lxbus_halinit.o [9]
    .text                 ro code  0x0803fb70     0x38  hci_intfs.o [9]
    .text                 ro code  0x0803fba8     0x66  phydm_interface.o [9]
    Veneer                ro code  0x0803fc10      0x8  - Linker created -
    Veneer                ro code  0x0803fc18      0x8  - Linker created -
    Veneer                ro code  0x0803fc20      0x8  - Linker created -
    .text                 ro code  0x0803fc28     0x86  phydm_CfoTracking.o [9]
    .text                 ro code  0x0803fcb0    0xf90  HalHWImg8711B_RF.o [9]
    .text                 ro code  0x08040c40    0x478  HalHWImg8711B_MAC.o [9]
    .text                 ro code  0x080410b8   0x7da0  HalHWImg8711B_FW.o [9]
    .text                 ro code  0x08048e58    0x9f4  rtw_promisc.o [9]
    .text                 ro code  0x0804984c    0x1e8  phydm_PowerTracking.o [9]
    .text                 ro code  0x08049a34     0x14  phydm_debug.o [9]
    .text                 ro code  0x08049a48    0x510  xscanfsmall_nomb.o [4]
    Veneer                ro code  0x08049f58      0x8  - Linker created -
    Veneer                ro code  0x08049f60      0x8  - Linker created -
    .text                 ro code  0x08049f68    0x9cc  rtl8711b_phycfg.o [9]
    Veneer                ro code  0x0804a934      0x8  - Linker created -
    .text                 ro code  0x0804a93c    0x88c  rtl8710b_efuse.o [7]
    .text                 ro code  0x0804b1c8     0xd8  phydm_RegConfig8711B.o [9]
    .text                 ro code  0x0804b2a0     0xa4  device_lock.o [2]
    .text                 ro code  0x0804b344      0x2  wifi_conf.o [2]
    Veneer                ro code  0x0804b348      0x8  - Linker created -
    Veneer                ro code  0x0804b350      0x8  - Linker created -
    Veneer                ro code  0x0804b358      0x8  - Linker created -
    Veneer                ro code  0x0804b360      0x8  - Linker created -
    Veneer                ro code  0x0804b368      0x8  - Linker created -
    Veneer                ro code  0x0804b370      0x8  - Linker created -
    Veneer                ro code  0x0804b378      0x8  - Linker created -
    .text                 ro code  0x0804b380   0x136c  wifi_simple_config_parser.o [9]
    .text                 ro code  0x0804c6ec     0x18  cmsis_os.o [2]
    Veneer                ro code  0x0804c704      0x8  - Linker created -
    Veneer                ro code  0x0804c70c      0x8  - Linker created -
    .text                 ro code  0x0804c714    0x2a8  flash_api.o [2]
    .text                 ro code  0x0804c9bc     0x40  netdb.o [2]
    Veneer                ro code  0x0804c9fc      0x8  - Linker created -
    Veneer                ro code  0x0804ca04      0x8  - Linker created -
    .text                 ro code  0x0804ca0c    0x450  rtl8711b_firmware.o [9]
    Veneer                ro code  0x0804ce5c      0x8  - Linker created -
    Veneer                ro code  0x0804ce64      0x8  - Linker created -
    Veneer                ro code  0x0804ce6c      0x8  - Linker created -
    Veneer                ro code  0x0804ce74      0x8  - Linker created -
    Veneer                ro code  0x0804ce7c      0x8  - Linker created -
    .text                 ro code  0x0804ce84    0x540  rtl8711b_dm.o [9]
    .text                 ro code  0x0804d3c4   0x14ac  HalPhyRf_8711B.o [9]
    .text                 ro code  0x0804e870     0xdc  HalPwrSeqCmd.o [9]
    .text                 ro code  0x0804e94c     0x18  wlan_ram_map.o [9]
    .text                 ro code  0x0804e964    0x4e8  HalPhyRf.o [9]
    .text                 ro code  0x0804ee4c     0x16  strchr.o [12]
    .text                 ro code  0x0804ee62     0x86  xstol.o [4]
    .text                 ro code  0x0804eee8    0x19c  xstoul.o [4]
    .text                 ro code  0x0804f084     0xf4  rtl8711b_rf6052.o [9]
    .text                 ro code  0x0804f178      0xc  errno.o [4]
    .text                 ro code  0x0804f184     0x58  memchr.o [12]
    Veneer                ro code  0x0804f1dc      0x8  - Linker created -
    .text                 ro code  0x0804f1e4     0x34  app_start.o [2]
    .text                 ro code  0x0804f218     0x20  cmain_call_ctors.o [12]
    .text                 ro code  0x0804f238     0xa8  main.o [2]
    .text                 ro code  0x0804f2e0     0x18  cppinit.o [4]
    .text                 ro code  0x0804f2f8      0x2  example_entry.o [2]
    .text                 ro code  0x0804f2fc     0xdc  wlan_network.o [2]
    Veneer                ro code  0x0804f3d8      0x8  - Linker created -
    Veneer                ro code  0x0804f3e0      0x8  - Linker created -
    Veneer                ro code  0x0804f3e8      0x8  - Linker created -
    Veneer                ro code  0x0804f3f0      0x8  - Linker created -
    Veneer                ro code  0x0804f3f8      0x8  - Linker created -
    Veneer                ro code  0x0804f400      0x8  - Linker created -
    .text                 ro code  0x0804f408    0xba0  atcmd_sys.o [2]
    .text                 ro code  0x0804ffa8    0x148  sys_api.o [2]
    .text                 ro code  0x080500f0     0x58  efuse_api.o [2]
    Veneer                ro code  0x08050148      0x8  - Linker created -
    Veneer                ro code  0x08050150      0x8  - Linker created -
    Veneer                ro code  0x08050158      0x8  - Linker created -
    Veneer                ro code  0x08050160      0x8  - Linker created -
    Veneer                ro code  0x08050168      0x8  - Linker created -
    Veneer                ro code  0x08050170      0x8  - Linker created -
    Veneer                ro code  0x08050178      0x8  - Linker created -
    Veneer                ro code  0x08050180      0x8  - Linker created -
    Veneer                ro code  0x08050188      0x8  - Linker created -
    .text                 ro code  0x08050190    0x1cc  startup.o [2]
    .text                 ro code  0x0805035c    0x2c4  rtl8710b_clk.o [7]
    .text                 ro code  0x08050620     0x28  data_init.o [12]
    Veneer                ro code  0x08050648      0x8  - Linker created -
    .text                 ro code  0x08050650     0xe8  lxbus_hci_intf.o [9]
    .text                 ro code  0x08050738     0x34  lxbus_intf.o [9]
    .text                 ro code  0x0805076c     0x7c  freertos_isr.o [9]
    .text                 ro code  0x080507e8    0x256  DblDiv.o [11]
    .text                 ro code  0x08050a40     0x22  fpinit_M.o [11]
    .text                 ro code  0x08050a62     0x2c  low_level_io.o [2]
    .text                 ro code  0x08050a8e     0x16  xprout.o [4]
    .text                 ro code  0x08050aa4     0x28  putchar.o [4]
    .text                 ro code  0x08050acc     0x40  zero_init3.o [12]
    .rodata               const    0x08050b0c     0x58  atcmd_sys.o [2]
    .rodata               const    0x08050b64    0xa84  atcmd_wifi.o [2]
    .rodata               const    0x080515e8    0x144  freertos_service.o [2]
    .rodata               const    0x0805172c      0x8  ip_addr.o [2]
    .rodata               const    0x08051734     0x10  log_service.o [2]
    .rodata               const    0x08051744    0x3dc  monitor.o [2]
    .rodata               const    0x08051b20    0x320  rtl8710b_pinmapcfg.o [2]
    .rodata               const    0x08051e40     0xe4  rtl8710b_sleepcfg.o [2]
    .rodata               const    0x08051f24      0x8  rtw_mlme_ext.o [9]
    .rodata               const    0x08051f2c     0x10  lxbus_hci_intf.o [9]
    .rodata               const    0x08051f3c     0x90  HalHWImg8711B_BB.o [9]
    .rodata               const    0x08051fcc    0x184  rom_rtw_message_f.o [9]
    .rodata               const    0x08052150    0x140  Hal8711BPwrSeq.o [9]
    .rodata               const    0x08052290     0xa4  phydm_PowerTracking.o [9]
    .rodata               const    0x08052334    0x498  HalHWImg8711B_RF.o [9]
    .rodata               const    0x080527cc      0x2  ram_libc.o [8]
    .rodata               const    0x080527ce      0x0  zero_init3.o [12]
    CODE                  ro code  0x080527d0     0xb4  portasm.o [2]
                                 - 0x08052884  0x47864

"A3":                                          0x272e0
  IMAGE2                           0x10005000   0x1430  <Block>
    .ram_image2.entry              0x10005000     0x1c  <Block>
      .image2.entry.data  rw data  0x10005000      0x8  startup.o [2]
      .image2.validate.rodata
                          const    0x10005008     0x14  startup.o [2]
    .ram.data                      0x10005020    0xf14  <Block>
      .data               rw data  0x10005020    0x428  ram_libc.o [8]
      .data               rw data  0x10005448     0xb0  atcmd_sys.o [2]
      .data               rw data  0x100054f8     0x38  atcmd_wifi.o [2]
      .data               rw data  0x10005530      0x4  atcmd_wifi.o [2]
      .data               rw data  0x10005534    0x1b0  atcmd_wifi.o [2]
      .data               rw data  0x100056e4     0x60  dhcps.o [2]
      .data               rw data  0x10005744      0x4  freertos_service.o [2]
      .data               rw data  0x10005748     0x44  heap_5.o [2]
      .data               rw data  0x1000578c     0x84  log_service.o [2]
      .data               rw data  0x10005810     0x20  log_service.o [2]
      .data               rw data  0x10005830      0x4  port.o [2]
      .data               rw data  0x10005834     0x9c  tasks.o [2]
      .data               rw data  0x100058d0     0x20  tcp.o [2]
      .data               rw data  0x100058f0      0x8  udp.o [2]
      .data               rw data  0x100058f8     0x14  wifi_conf.o [2]
      .data               rw data  0x1000590c     0x68  wifi_simple_config.o [2]
      .data               rw data  0x10005974     0x5c  wifi_simple_config.o [2]
      .data               rw data  0x100059d0    0x2ac  rtl8710b_freertos_pmu.o [7]
      .data               rw data  0x10005c7c      0x4  rtl8710b_freertos_pmu.o [7]
      .data               rw data  0x10005c80     0x70  rtw_mlme_ext.o [9]
      .data               rw data  0x10005cf0      0x8  rtw_psk.o [9]
      .data               rw data  0x10005cf8      0x4  system_8195a.o [7]
      .data               rw data  0x10005cfc      0x4  freertos_skbuff.o [9]
      .data               rw data  0x10005d00      0x4  freertos_skbuff.o [9]
      .data               rw data  0x10005d04      0x4  rtw_debug.o [9]
      .data               rw data  0x10005d08      0x4  rtl8710b_clk.o [7]
      .data               rw data  0x10005d0c    0x148  wifi_simple_config_parser.o [9]
      .data               rw data  0x10005e54      0x8  wifi_simple_config_parser.o [9]
      .data               rw data  0x10005e5c      0x4  rtw_xmit.o [9]
      .data               rw data  0x10005e60      0x4  rtw_xmit.o [9]
      .data               rw data  0x10005e64      0x8  rtl8711b_cmd.o [9]
      .data               rw data  0x10005e6c      0x4  phydm_DIG.o [9]
      .data               rw data  0x10005e70      0x2  tcp.o [2]
      .data               rw data  0x10005e72      0x1  rtw_mlme_ext.o [9]
      .data               rw data  0x10005e73      0x4  freertos_intfs.o [9]
      .data               rw data  0x10005e77      0x1  freertos_ioctl.o [9]
      .iar.init_table     const    0x10005e78     0x2c  - Linker created -
      __DLIB_PERTHREAD    rw data  0x10005ea4     0x8c  rand.o [4]
      __DLIB_PERTHREAD    rw data  0x10005f30      0x4  errno.o [4]
      CPP_INIT                     0x10005f34      0x0  <Block>
        SHT$$PREINIT_ARRAY
                                   0x10005f34      0x0  <Block>
        SHT$$INIT_ARRAY            0x10005f34      0x0  <Block>
    .ram.text                      0x10005f34    0x4fc  <Block>
      Veneer              ro code  0x10005f34      0x8  - Linker created -
      Veneer              ro code  0x10005f3c      0x8  - Linker created -
      Veneer              ro code  0x10005f44      0x8  - Linker created -
      Veneer              ro code  0x10005f4c      0x8  - Linker created -
      Veneer              ro code  0x10005f54      0x8  - Linker created -
      Veneer              ro code  0x10005f5c      0x8  - Linker created -
      Veneer              ro code  0x10005f64      0x8  - Linker created -
      Veneer              ro code  0x10005f6c      0x8  - Linker created -
      .image2.ram.text    ro code  0x10005f74    0x170  rtl8710b_flash_ram.o [7]
      Veneer              ro code  0x100060e4      0x8  - Linker created -
      .image2.ram.text    ro code  0x100060ec    0x138  rtl8710b_ota_ram.o [7]
      Veneer              ro code  0x10006224      0x8  - Linker created -
      Veneer              ro code  0x1000622c      0x8  - Linker created -
      Veneer              ro code  0x10006234      0x8  - Linker created -
      Veneer              ro code  0x1000623c      0x8  - Linker created -
      Veneer              ro code  0x10006244      0x8  - Linker created -
      Veneer              ro code  0x1000624c      0x8  - Linker created -
      Veneer              ro code  0x10006254      0x8  - Linker created -
      Veneer              ro code  0x1000625c      0x8  - Linker created -
      .image2.ram.text    ro code  0x10006264    0x1cc  rtl8710b_psm_ram.o [7]
  .ram_image2.bss                  0x10006430   0x71c4  <Block>
    .bss                  zero     0x10006430     0x70  tcptest.o [2]
    .bss                  zero     0x100064a0     0x70  tcptest.o [2]
    .bss                  zero     0x10006510     0x78  atcmd_wifi.o [2]
    .bss                  zero     0x10006588      0x4  atcmd_wifi.o [2]
    .bss                  zero     0x1000658c     0x18  device_lock.o [2]
    .bss                  zero     0x100065a4     0x34  dhcp.o [2]
    .bss                  zero     0x100065d8      0x4  dhcp.o [2]
    .bss                  zero     0x100065dc    0x620  dhcps.o [2]
    .bss                  zero     0x10006bfc    0x224  dns.o [2]
    .bss                  zero     0x10006e20    0x440  dns.o [2]
    .bss                  zero     0x10007260     0x30  dns.o [2]
    .bss                  zero     0x10007290     0xc8  etharp.o [2]
    .bss                  zero     0x10007358      0x4  etharp.o [2]
    .bss                  zero     0x1000735c      0x4  ethernetif.o [2]
    .bss                  zero     0x10007360     0x24  flash_api.o [2]
    .bss                  zero     0x10007384      0x4  freertos_service.o [2]
    .bss                  zero     0x10007388      0xc  igmp.o [2]
    .bss                  zero     0x10007394     0x10  ip.o [2]
    .bss                  zero     0x100073a4     0x10  ip_addr.o [2]
    .bss                  zero     0x100073b4      0x8  ip_frag.o [2]
    .bss                  zero     0x100073bc    0x100  log_service.o [2]
    .bss                  zero     0x100074bc     0x7c  lwip_netconf.o [2]
    .bss                  zero     0x10007538      0x8  lwip_timers.o [2]
    .bss                  zero     0x10007540      0x4  lwip_timers.o [2]
    .bss                  zero     0x10007544   0x1424  mem.o [2]
    .bss                  zero     0x10008968   0x4030  memp.o [2]
    .bss                  zero     0x1000c998     0x28  netdb.o [2]
    .bss                  zero     0x1000c9c0      0xc  netif.o [2]
    .bss                  zero     0x1000c9cc      0x4  osdep_service.o [2]
    .bss                  zero     0x1000c9d0     0x20  ping_test.o [2]
    .bss                  zero     0x1000c9f0      0xc  port.o [2]
    .bss                  zero     0x1000c9fc      0x4  raw.o [2]
    .bss                  zero     0x1000ca00      0x4  rtl8710b_ota.o [2]
    .bss                  zero     0x1000ca04      0x8  rtl_consol.o [2]
    .bss                  zero     0x1000ca0c     0xc0  sockets.o [2]
    .bss                  zero     0x1000cacc      0x8  sockets.o [2]
    .bss                  zero     0x1000cad4      0xc  startup.o [2]
    .bss                  zero     0x1000cae0     0x34  sys_arch.o [2]
    .bss                  zero     0x1000cb14     0xdc  tasks.o [2]
    .bss                  zero     0x1000cbf0     0x30  tcp_in.o [2]
    .bss                  zero     0x1000cc20      0xc  tcpip.o [2]
    .bss                  zero     0x1000cc2c     0x14  tcptest.o [2]
    .bss                  zero     0x1000cc40     0x14  tcptest.o [2]
    .bss                  zero     0x1000cc54     0x3c  timers.o [2]
    .bss                  zero     0x1000cc90     0x24  wifi_conf.o [2]
    .bss                  zero     0x1000ccb4      0x4  wifi_conf.o [2]
    .bss                  zero     0x1000ccb8     0x18  wifi_conf.o [2]
    .bss                  zero     0x1000ccd0    0x198  wifi_ind.o [2]
    .bss                  zero     0x1000ce68      0x8  wifi_promisc.o [2]
    .bss                  zero     0x1000ce70     0x78  wifi_promisc.o [2]
    .bss                  zero     0x1000cee8     0x6c  rtl8710b_psm.o [7]
    .bss                  zero     0x1000cf54     0x64  rtl8710b_psm.o [7]
    .bss                  zero     0x1000cfb8      0x8  rtl8710b_psm.o [7]
    .bss                  zero     0x1000cfc0     0x80  rtl8710b_freertos_pmu.o [7]
    .bss                  zero     0x1000d040    0x174  rtl8710b_freertos_pmu.o [7]
    .bss                  zero     0x1000d1b4      0x4  ram_libc.o [8]
    .bss                  zero     0x1000d1b8     0x40  rtk_wlan_if.o [9]
    .bss                  zero     0x1000d1f8      0x4  rtl8710b_efuse.o [7]
    .bss                  zero     0x1000d1fc      0x4  rtw_mlme_ext.o [9]
    .bss                  zero     0x1000d200      0x4  rtw_mlme_ext.o [9]
    .bss                  zero     0x1000d204      0x4  rtw_mlme_ext.o [9]
    .bss                  zero     0x1000d208      0x4  freertos_intfs.o [9]
    .bss                  zero     0x1000d20c      0xc  freertos_intfs.o [9]
    .bss                  zero     0x1000d218      0x4  freertos_intfs.o [9]
    .bss                  zero     0x1000d21c     0x14  freertos_intfs.o [9]
    .bss                  zero     0x1000d230    0x11c  rtw_psk.o [9]
    .bss                  zero     0x1000d34c     0x44  rtw_psk.o [9]
    .bss                  zero     0x1000d390      0x4  freertos_skbuff.o [9]
    .bss                  zero     0x1000d394    0x1e0  freertos_skbuff.o [9]
    .bss                  zero     0x1000d574     0x18  freertos_skbuff.o [9]
    .bss                  zero     0x1000d58c     0x24  rtl8710b_flash_ram.o [7]
    .bss                  zero     0x1000d5b0      0x8  rtw_mlme.o [9]
    .bss                  zero     0x1000d5b8      0xc  rtw_promisc.o [9]
    .bss                  zero     0x1000d5c4      0x4  rtl8710b_bor.o [7]
    .bss                  zero     0x1000d5c8      0x8  lxbus_suspend.o [9]
    .bss                  zero     0x1000d5d0      0x8  lxbus_suspend.o [9]
    .bss                  zero     0x1000d5d8      0x4  ram_libgloss_retarget.o [8]
    .bss                  zero     0x1000d5dc      0x4  rtl8711b_dm.o [9]
    .bss                  zero     0x1000d5e0      0x4  freertos_isr.o [9]
    .bss                  zero     0x1000d5e4      0x2  ip.o [2]
    .bss                  zero     0x1000d5e6      0x2  rtw_mlme_ext.o [9]
    .bss                  zero     0x1000d5e8      0x1  dns.o [2]
    .bss                  zero     0x1000d5e9      0x1  etharp.o [2]
    .bss                  zero     0x1000d5ea      0x1  pbuf.o [2]
    .bss                  zero     0x1000d5eb      0x1  tcp.o [2]
    .bss                  zero     0x1000d5ec      0x1  wifi_eap_config.o [2]
    .bss                  zero     0x1000d5ed      0x1  wifi_eap_config.o [2]
    .bss                  zero     0x1000d5ee      0x1  wifi_promisc.o [2]
    .bss                  zero     0x1000d5ef      0x1  rtw_mlme_ext.o [9]
    .bss                  zero     0x1000d5f0      0x1  rtw_mlme_ext.o [9]
    .bss                  zero     0x1000d5f1      0x1  lxbus_ops.o [9]
  .ram_image2.skb.bss              0x1000d5f4   0x54e8  <Block>
    .bdsram.data          zero     0x1000d5f4   0x3400  freertos_skbuff.o [9]
    .bdsram.data          zero     0x100109f4      0x8  freertos_skbuff.o [9]
    .bdsram.data          zero     0x100109fc   0x20e0  lxbus_ops.o [9]
  .ram_heap.data                   0x10012adc  0x19800  <Block>
    .bfsram.data          zero     0x10012adc  0x19000  heap_5.o [2]
    .bfsram.data          zero     0x1002badc    0x800  tasks.o [2]
  .heap.stdlib            zero     0x1002c2dc      0x1  ram_libgloss_retarget.o [8]
                                 - 0x1002c2dd  0x272dd


*******************************************************************************
*** INIT TABLE
***

          Address     Size
          -------     ----
Zero (__iar_zero_init3)
    4 destination ranges, total size 0x25eab:
          0x10006430   0x71c2
          0x1000d5f4   0x54e8
          0x10012adc  0x19800
          0x1002c2dc      0x1

Extra (__iar_cstart_call_ctors)



*******************************************************************************
*** MODULE SUMMARY
***

    Module                       ro code  ro data  rw data
    ------                       -------  -------  -------
C:\Users\Administrator\Desktop\sdk-ameba-v4.0c\component\soc\realtek\8195a\misc\bsp\image: [1]
    ram_1.r.bin                            14 924
    ------------------------------------------------------
    Total:                                 14 924

C:\Users\Administrator\Desktop\sdk-ameba-v4.0c\project\realtek_amebaz_va0_example\EWARM-RELEASE\Debug\Obj: [2]
    api_lib.o                      1 148
    api_msg.o                      2 884
    app_start.o                       52
    atcmd_sys.o                    2 976       88      176
    atcmd_wifi.o                   6 088    2 692      616
    autoip.o                         740
    cmsis_os.o                        24
    def.o                             38
    device_lock.o                    164                24
    dhcp.o                         3 440                56
    dhcps.o                        2 286             1 664
    dns.o                          1 708             1 685
    efuse_api.o                       88
    etharp.o                       1 816               205
    ethernetif.o                     340                 4
    example_entry.o                    2
    flash_api.o                      680                36
    freertos_service.o             1 848      324        8
    heap_5.o                         464           102 468
    icmp.o                           392
    igmp.o                         1 016                12
    inet_chksum.o                    328
    init.o                            46
    ip.o                             852                18
    ip_addr.o                        470        8       16
    ip_frag.o                      1 288                 8
    list.o                           142
    log_service.o                  1 132       16      420
    low_level_io.o                    44
    lwip_intf.o                      624
    lwip_netconf.o                 1 012               124
    lwip_timers.o                    608                12
    main.o                           168
    mem.o                            618             5 156
    memp.o                           208            16 432
    monitor.o                      1 456      988
    netbuf.o                         114
    netdb.o                           64                40
    netif.o                          402                12
    osdep_service.o                1 264                 4
    pbuf.o                         1 112                 1
    ping_test.o                    1 572                32
    port.o                           348                16
    portasm.o                        180
    queue.o                        1 186
    raw.o                            372                 4
    rtl8710b_ota.o                 4 104       32        4
    rtl8710b_pinmapcfg.o                      800
    rtl8710b_sleepcfg.o                       228
    rtl_consol.o                     796                 8
    sockets.o                      3 116               200
    startup.o                        460       20       20
    sys_api.o                        328
    sys_arch.o                       502                52
    tasks.o                        2 196             2 424
    tcp.o                          2 864                35
    tcp_in.o                       3 772                48
    tcp_out.o                      2 626
    tcpip.o                          532                12
    tcptest.o                      8 124               264
    timers.o                         844                60
    udp.o                          1 048                 8
    wifi_conf.o                    5 932                84
    wifi_eap_config.o                 22                 2
    wifi_ind.o                       180               408
    wifi_promisc.o                   936               129
    wifi_simple_config.o           6 872               196
    wifi_util.o                    3 808
    wlan_network.o                   220
    ------------------------------------------------------
    Total:                        93 086    5 196  133 203

command line: [3]
    ------------------------------------------------------
    Total:

dl7M_tln.a: [4]
    cppinit.o                         24
    errno.o                           12                 4
    printf.o                          36
    putchar.o                         40
    rand.o                           224               140
    srand.o                           32
    sscanf.o                          36
    xprintftiny.o                    334
    xprout.o                          22
    xscanfsmall_nomb.o             1 296
    xsscin.o                          30
    xstol.o                          134
    xstoul.o                         412
    xtls.o                             2
    ------------------------------------------------------
    Total:                         2 634               144

lib_http.a: [5]
    ------------------------------------------------------
    Total:

lib_mdns.a: [6]
    ------------------------------------------------------
    Total:

lib_platform.a: [7]
    rtl8710b_bor.o                    16                 4
    rtl8710b_clk.o                   708                 4
    rtl8710b_efuse.o               2 188                 4
    rtl8710b_flash_ram.o             368                36
    rtl8710b_freertos_pmu.o        1 476             1 188
    rtl8710b_ota_ram.o               312
    rtl8710b_pinmap.o                172
    rtl8710b_psm.o                 1 684               216
    rtl8710b_psm_ram.o               460
    system_8195a.o                   268                 4
    ------------------------------------------------------
    Total:                         7 652             1 456

lib_rtlstd.a: [8]
    ram_libc.o                       300        2    1 068
    ram_libgloss_retarget.o          260                 5
    ------------------------------------------------------
    Total:                           560        2    1 073

lib_wlan.a: [9]
    Hal8711BPwrSeq.o                          320
    HalHWImg8711B_BB.o             4 172      144
    HalHWImg8711B_FW.o            32 160
    HalHWImg8711B_MAC.o            1 144
    HalHWImg8711B_RF.o             3 984    1 176
    HalPhyRf.o                     1 256
[...]
udp_sendto              0x0800d6b7     0x36  Code  Gb  udp.o [2]
udp_sendto_if           0x0800d6ed     0xfc  Code  Gb  udp.o [2]
udp_server_buffer       0x1000cc50      0x4  Data  Gb  tcptest.o [2]
udp_server_data         0x100064d8     0x38  Data  Gb  tcptest.o [2]
udp_server_func         0x0803dcab    0x272  Code  Gb  tcptest.o [2]
udp_server_func::__func__
                        0x0803df24     0x10  Data  Lc  tcptest.o [2]
udp_server_handler      0x0803e19d     0x2c  Code  Lc  tcptest.o [2]
ulPortSetInterruptMask  0x08052821           Code  Gb  portasm.o [2]
ulStoppedTimerCompensation
                        0x1000c9f8      0x4  Data  Lc  port.o [2]
ulTimerCountsForOneTick
                        0x1000c9f0      0x4  Data  Lc  port.o [2]
update_BCNTIM           0x08028cd5    0x118  Code  Lc  rtw_ap.o [9]
update_IOT_info         0x08019b6f     0x3c  Code  Gb  rtw_wlan_util.o [9]
update_MCS_rate {Abs}   0x00017125           Data  Gb  command line/config [3]
update_TSF              0x08019d39      0xc  Code  Gb  rtw_wlan_util.o [9]
update_attrib           0x0801cf79    0x334  Code  Lc  rtw_xmit.o [9]
update_basic_rate {Abs}
                        0x000170bd           Data  Gb  command line/config [3]
update_bcn_vendor_spec_ie
                        0x080298bb     0x48  Code  Lc  rtw_ap.o [9]
update_bcn_wps_ie       0x080297ed     0xce  Code  Lc  rtw_ap.o [9]
update_beacon           0x0802991d     0xb0  Code  Gb  rtw_ap.o [9]
update_beacon_info      0x08019953     0x5e  Code  Gb  rtw_wlan_util.o [9]
update_bmc_sta          0x080290d1     0xea  Code  Lc  rtw_ap.o [9]
update_bmc_sta_support_rate
                        0x08019cd3     0x22  Code  Gb  rtw_wlan_util.o [9]
update_capinfo          0x08019bab     0x86  Code  Gb  rtw_wlan_util.o [9]
update_hidden_ssid      0x08021829     0x4a  Code  Gb  rtw_mlme_ext.o [9]
update_mgnt_tx_rate     0x08021701      0x6  Code  Gb  rtw_mlme_ext.o [9]
update_mgntframe_attrib
                        0x08021707     0x5a  Code  Gb  rtw_mlme_ext.o [9]
update_network          0x0801f1f5     0xa8  Code  Gb  rtw_mlme.o [9]
update_ota_local        0x0803c75d     0x80  Code  Gb  rtl8710b_ota.o [2]
update_ota_local::__FUNCTION__
                        0x0803cbb4     0x14  Data  Lc  rtl8710b_ota.o [2]
update_sta_info         0x08023c7d     0x80  Code  Gb  rtw_mlme_ext.o [9]
update_sta_info_apmode  0x080291bb     0xa8  Code  Gb  rtw_ap.o [9]
update_supported_rate {Abs}
                        0x000170f5           Data  Gb  command line/config [3]
update_tx_basic_rate    0x08019a61     0x4a  Code  Gb  rtw_wlan_util.o [9]
update_wireless_mode    0x08019c31     0xa2  Code  Gb  rtw_wlan_util.o [9]
use_ios7_mac            0x10005e5b      0x1  Data  Lc  wifi_simple_config_parser.o [9]
uxCriticalNesting       0x10005830      0x4  Data  Lc  port.o [2]
uxCurrentNumberOfTasks  0x10005880      0x4  Data  Lc  tasks.o [2]
uxListRemove            0x08010f77     0x24  Code  Gb  list.o [2]
uxPendedTicks           0x10005890      0x4  Data  Lc  tasks.o [2]
uxQueueMessagesWaiting  0x0800eec7      0xa  Code  Gb  queue.o [2]
uxSavedInterruptStatus  0x10007384      0x4  Data  Lc  freertos_service.o [2]
uxSchedulerSuspended    0x100058a4      0x4  Data  Lc  tasks.o [2]
uxTaskNumber            0x1000589c      0x4  Data  Lc  tasks.o [2]
uxTaskPriorityGet       0x0800f1e1     0x14  Code  Gb  tasks.o [2]
uxTasksDeleted          0x10005868      0x4  Data  Lc  tasks.o [2]
uxTopReadyPriority      0x10005888      0x4  Data  Lc  tasks.o [2]
vApplicationIdleHook    0x0800f99d      0x2  Code  Gb  port.o [2]
vApplicationStackOverflowHook
                        0x0800f99f     0x12  Code  Gb  port.o [2]
vApplicationStackOverflowHook::__FUNCTION__
                        0x0800f9b0     0x20  Data  Lc  port.o [2]
vListInitialise         0x08010f0d     0x1a  Code  Gb  list.o [2]
vListInitialiseItem     0x08010f27      0x6  Code  Gb  list.o [2]
vListInsert             0x08010f45     0x32  Code  Gb  list.o [2]
vListInsertEnd          0x08010f2d     0x18  Code  Gb  list.o [2]
vPortClearInterruptMask
                        0x0805282f           Code  Gb  portasm.o [2]
vPortDefineHeapRegions  0x080110fb     0x60  Code  Gb  heap_5.o [2]
vPortEnableVFP          0x08052869           Code  Gb  portasm.o [2]
vPortEnterCritical      0x0800f943     0x18  Code  Gb  port.o [2]
vPortExitCritical       0x0800f95b     0x12  Code  Gb  port.o [2]
vPortFree               0x08011093     0x1a  Code  Gb  heap_5.o [2]
vPortSVCHandler         0x08052835           Code  Gb  portasm.o [2]
vPortSetupTimerInterrupt
                        0x08011aad     0x34  Code  Wk  port.o [2]
vPortStartFirstTask     0x08052851           Code  Gb  portasm.o [2]
vPortSuppressTicksAndSleep
                        0x080118c1     0x4a  Code  Gb  rtl8710b_freertos_pmu.o [7]
vPortYield              0x0800f931     0x12  Code  Gb  port.o [2]
vQueueDelete            0x0800eed9     0x16  Code  Gb  queue.o [2]
vQueueWaitForMessageRestricted
                        0x0800eff7     0x3c  Code  Gb  queue.o [2]
vTaskDelay              0x0800f19b     0x26  Code  Gb  tasks.o [2]
vTaskDelete             0x0800f157     0x44  Code  Gb  tasks.o [2]
vTaskGetCurrentTCB      0x0800f89d      0x2  Code  Gb  tasks.o [2]
vTaskMissedYield        0x0800f663      0x8  Code  Gb  tasks.o [2]
vTaskPlaceOnEventList   0x0800f535     0x18  Code  Gb  tasks.o [2]
vTaskPlaceOnEventListRestricted
                        0x0800f589     0x24  Code  Gb  tasks.o [2]
vTaskPriorityInherit    0x0800f7a3     0x7e  Code  Gb  tasks.o [2]
vTaskPrioritySet        0x0800f1f5     0xa2  Code  Gb  tasks.o [2]
vTaskSetTimeOutState    0x0800f613      0xc  Code  Gb  tasks.o [2]
vTaskStartScheduler     0x0800f2d7     0x50  Code  Gb  tasks.o [2]
vTaskStepTick           0x0800f403      0xc  Code  Gb  tasks.o [2]
vTaskSuspendAll         0x0800f327      0xc  Code  Gb  tasks.o [2]
vTaskSwitchContext      0x0800f4c1     0x68  Code  Gb  tasks.o [2]
vTaskSwitchContext{1}{3}{6}::ucExpectedStackBytes
                        0x0800f8bc     0x14  Data  Lc  tasks.o [2]
validate_recv_ctrl_frame
                        0x08025e8b    0x162  Code  Gb  rtw_recv.o [9]
validate_recv_data_frame
                        0x08026029    0x204  Code  Gb  rtw_recv.o [9]
validate_recv_frame     0x0802624b     0xb0  Code  Gb  rtw_recv.o [9]
validate_recv_mgnt_frame
                        0x08025fed     0x3c  Code  Gb  rtw_recv.o [9]
verify_ota_checksum     0x0803c213    0x126  Code  Gb  rtl8710b_ota.o [2]
verify_ota_checksum::__FUNCTION__
                        0x0803c338     0x14  Data  Lc  rtl8710b_ota.o [2]
wakelock                0x100059ec      0x4  Data  Lc  rtl8710b_freertos_pmu.o [7]
wakeup_sta_to_xmit      0x0801df1b    0x1c6  Code  Gb  rtw_xmit.o [9]
wakeup_time_ms          0x100059f4      0x4  Data  Lc  rtl8710b_freertos_pmu.o [7]
wep_80211_decrypt {Abs}
                        0x000158e1           Data  Gb  command line/config [3]
wep_80211_encrypt {Abs}
                        0x0001587d           Data  Gb  command line/config [3]
wext_del_station        0x08030741      0x4  Code  Gb  wifi_util.o [2]
wext_disable_powersave  0x0803003f     0x4a  Code  Gb  wifi_util.o [2]
wext_enable_powersave   0x0802fff3     0x4c  Code  Gb  wifi_util.o [2]
wext_get_auto_chl       0x08030715     0x2c  Code  Gb  wifi_util.o [2]
wext_get_channel        0x0803039b     0x2e  Code  Gb  wifi_util.o [2]
wext_get_enc_ext        0x0802febd     0x6c  Code  Gb  wifi_util.o [2]
wext_get_lps_dtim       0x0803012b     0x60  Code  Gb  wifi_util.o [2]
wext_get_lps_dtim::__func__
                        0x080307a0     0x14  Data  Lc  wifi_util.o [2]
wext_get_mode           0x0803025f     0x2c  Code  Gb  wifi_util.o [2]
wext_get_passphrase     0x0802ffc1     0x32  Code  Gb  wifi_util.o [2]
wext_get_rssi           0x080302b5     0x2e  Code  Gb  wifi_util.o [2]
wext_get_scan           0x08030411     0x2e  Code  Gb  wifi_util.o [2]
wext_get_ssid           0x0802fbdd     0x4c  Code  Gb  wifi_util.o [2]
wext_private_command    0x08030447     0xe0  Code  Gb  wifi_util.o [2]
wext_set_adaptivity     0x080306f1     0x1e  Code  Gb  wifi_util.o [2]
wext_set_ap_ssid        0x0803028b     0x2a  Code  Gb  wifi_util.o [2]
wext_set_auth_param     0x0802fd3f     0x32  Code  Gb  wifi_util.o [2]
wext_set_autoreconnect  0x0803066d     0x4e  Code  Gb  wifi_util.o [2]
wext_set_bssid          0x0802fca9     0x4e  Code  Gb  wifi_util.o [2]
wext_set_channel        0x0803036b     0x30  Code  Gb  wifi_util.o [2]
wext_set_key_ext        0x0802fda5     0xee  Code  Gb  wifi_util.o [2]
wext_set_lps_dtim       0x080300ef     0x34  Code  Gb  wifi_util.o [2]
wext_set_mode           0x08030229     0x28  Code  Gb  wifi_util.o [2]
wext_set_passphrase     0x0802ff49     0x2c  Code  Gb  wifi_util.o [2]
wext_set_pscan_channel  0x080302e3     0x80  Code  Gb  wifi_util.o [2]
wext_set_scan           0x080303c9     0x32  Code  Gb  wifi_util.o [2]
wext_set_ssid           0x0802fc5d     0x2e  Code  Gb  wifi_util.o [2]
wext_set_tdma_param     0x08030089     0x4e  Code  Gb  wifi_util.o [2]
wext_set_tos_value      0x0803018b     0x7a  Code  Gb  wifi_util.o [2]
wext_wlan_indicate      0x0803053d    0x106  Code  Gb  wifi_util.o [2]
whc_fix_channel         0x0804b381      0x2  Code  Wk  wifi_simple_config_parser.o [9]
whc_unfix_channel       0x0804b383      0x2  Code  Wk  wifi_simple_config_parser.o [9]
wifi                    0x100054f8     0x38  Data  Lc  atcmd_wifi.o [2]
wifi_ap_sta_assoc_hdl   0x08038cad      0x2  Code  Lc  wifi_conf.o [2]
wifi_ap_sta_disassoc_hdl
                        0x08038caf      0x2  Code  Lc  wifi_conf.o [2]
wifi_autoreconnect_hdl  0x0803947d     0x32  Code  Gb  wifi_conf.o [2]
wifi_autoreconnect_hdl::param
                        0x1000ccb8     0x18  Data  Lc  wifi_conf.o [2]
wifi_autoreconnect_thread
                        0x08039415     0x68  Code  Lc  wifi_conf.o [2]
wifi_config_autoreconnect
                        0x080394af     0x1a  Code  Gb  wifi_conf.o [2]
wifi_connect            0x080384a5    0x286  Code  Gb  wifi_conf.o [2]
wifi_connect_bssid      0x0803877d    0x1d8  Code  Gb  wifi_conf.o [2]
wifi_connect_bssid_local
                        0x08038235    0x118  Code  Lc  wifi_conf.o [2]
wifi_connect_local      0x08038149     0xe2  Code  Lc  wifi_conf.o [2]
wifi_connected_hdl      0x080383e1     0x42  Code  Lc  wifi_conf.o [2]
wifi_disable_powersave  0x080389fd      0x8  Code  Gb  wifi_conf.o [2]
wifi_disconn_hdl        0x0803843b     0x6a  Code  Lc  wifi_conf.o [2]
wifi_disconnect         0x08038995     0x2e  Code  Gb  wifi_conf.o [2]
wifi_enter_promisc_mode
                        0x080393b7     0x4c  Code  Gb  wifi_conf.o [2]
wifi_get_associated_client_list
                        0x08038a05     0x38  Code  Gb  wifi_conf.o [2]
wifi_get_lps_dtim       0x08038ca3      0xa  Code  Gb  wifi_conf.o [2]
wifi_get_rssi           0x08038a67      0xa  Code  Gb  wifi_conf.o [2]
wifi_get_setting        0x08039249     0xb4  Code  Gb  wifi_conf.o [2]
wifi_handshake_done_hdl
                        0x08038423     0x18  Code  Lc  wifi_conf.o [2]
wifi_indication         0x0801679d     0x3a  Code  Gb  wifi_ind.o [2]
wifi_init_packet_filter
                        0x08039509      0x4  Code  Gb  wifi_conf.o [2]
wifi_mac_hash           0x0801a9a9     0x2a  Code  Lc  rtw_sta_mgt.o [9]
wifi_mode               0x10005530      0x4  Data  Gb  atcmd_wifi.o [2]
wifi_no_network_hdl     0x080383d3      0xe  Code  Lc  wifi_conf.o [2]
wifi_off                0x08038be5     0x8e  Code  Gb  wifi_conf.o [2]
wifi_on                 0x08038a7b     0xe0  Code  Gb  wifi_conf.o [2]
wifi_on::event_init     0x1000ccb4      0x4  Data  Lc  wifi_conf.o [2]
wifi_reg_event_handler  0x080167d7     0x3a  Code  Gb  wifi_ind.o [2]
wifi_rx_beacon_hdl      0x080383d1      0x2  Code  Gb  wifi_conf.o [2]
wifi_scan               0x08038f85     0x78  Code  Gb  wifi_conf.o [2]
wifi_scan_done_hdl      0x08038f1d     0x68  Code  Gb  wifi_conf.o [2]
wifi_scan_each_report_hdl
                        0x08038db5    0x154  Code  Gb  wifi_conf.o [2]
wifi_scan_networks      0x0803917b     0xb2  Code  Gb  wifi_conf.o [2]
wifi_scan_networks_with_ssid
                        0x0803900d    0x16e  Code  Gb  wifi_conf.o [2]
wifi_set_autoreconnect  0x080394c9      0xc  Code  Gb  wifi_conf.o [2]
wifi_set_channel        0x08038a71      0xa  Code  Gb  wifi_conf.o [2]
wifi_set_country_code   0x0804b345      0x2  Code  Wk  wifi_conf.o [2]
wifi_set_lps_dtim       0x08038c99      0xa  Code  Gb  wifi_conf.o [2]
wifi_set_mib            0x0803986d      0x6  Code  Wk  wifi_conf.o [2]
wifi_set_power_mode     0x08038c79      0x4  Code  Gb  wifi_conf.o [2]
wifi_set_promisc        0x080393b3      0x4  Code  Gb  wifi_conf.o [2]
wifi_set_pscan_chan     0x08039235     0x12  Code  Gb  wifi_conf.o [2]
wifi_set_tdma_param     0x08038c85     0x14  Code  Gb  wifi_conf.o [2]
wifi_show_setting       0x080392fd     0xa6  Code  Gb  wifi_conf.o [2]
wifi_start_ap           0x08038cb5     0x7e  Code  Gb  wifi_conf.o [2]
wifi_unreg_event_handler
                        0x08016811     0x30  Code  Gb  wifi_ind.o [2]
wifirate2_ratetbl_inx {Abs}
                        0x00017015           Data  Gb  command line/config [3]
wireless_send_event     0x0802b2d3      0xa  Code  Gb  freertos_ioctl.o [9]
wlan_network            0x0804f32d     0x3a  Code  Gb  wlan_network.o [2]
wlan_network::__FUNCTION__
                        0x0804f398     0x10  Data  Lc  wlan_network.o [2]
wlancmds                0x0801be58    0x1f8  Data  Gb  rtw_cmd.o [9]
wlanevents              0x08024c88     0xc0  Data  Lc  rtw_mlme_ext.o [9]
wlanhdr_to_ethhdr       0x080262fb    0x126  Code  Gb  rtw_recv.o [9]
wpa_global_PSK          0x1000d2fc     0x50  Data  Gb  rtw_psk.o [9]
wpa_set_encryption      0x0802b4cd    0x180  Code  Lc  freertos_ioctl.o [9]
wrapper_skbbuf_list     0x1000d574      0x8  Data  Lc  freertos_skbuff.o [9]
write_cam               0x08019491     0x10  Code  Gb  rtw_wlan_util.o [9]
write_cam_rom {Abs}     0x00016f0d           Data  Gb  command line/config [3]
xActiveTimerList1       0x1000cc68     0x14  Data  Lc  timers.o [2]
xActiveTimerList2       0x1000cc7c     0x14  Data  Lc  timers.o [2]
xBlockAllocatedBit      0x1000577c      0x4  Data  Lc  heap_5.o [2]
xDelayedTaskList1       0x100058a8     0x14  Data  Lc  tasks.o [2]
xDelayedTaskList2       0x100058bc     0x14  Data  Lc  tasks.o [2]
xFreeBytesRemaining     0x10005774      0x4  Data  Lc  heap_5.o [2]
xHeapRegions            0x10005748     0x20  Data  Gb  heap_5.o [2]
xMCtrl {Abs}            0x10000fb8           Data  Gb  command line/config [3]
xMaximumPossibleSuppressedTicks
                        0x1000c9f4      0x4  Data  Lc  port.o [2]
xMinimumEverFreeBytesRemaining
                        0x10005778      0x4  Data  Lc  heap_5.o [2]
xModemDebug {Abs}       0x0000e2dd           Data  Gb  command line/config [3]
xModemDebugInit {Abs}   0x0000e2a5           Data  Gb  command line/config [3]
xModemGetFirst {Abs}    0x0000e339           Data  Gb  command line/config [3]
xModemGetOthers {Abs}   0x0000e45d           Data  Gb  command line/config [3]
xModemHandshake {Abs}   0x0000e6d5           Data  Gb  command line/config [3]
xModemInquiry {Abs}     0x0000e315           Data  Gb  command line/config [3]
xModemRxBuffer {Abs}    0x0000e945           Data  Gb  command line/config [3]
xModemRxFrame {Abs}     0x0000e691           Data  Gb  command line/config [3]
xNextTaskUnblockTime    0x100058a0      0x4  Data  Lc  tasks.o [2]
xNumOfOverflows         0x10005898      0x4  Data  Lc  tasks.o [2]
xPendingReadyList       0x10005834     0x14  Data  Lc  tasks.o [2]
xPortGetFreeHeapSize    0x080110ad      0x6  Code  Gb  heap_5.o [2]
xPortPendSVHandler      0x080527d1           Code  Gb  portasm.o [2]
xPortStartScheduler     0x0800f8fd     0x34  Code  Gb  port.o [2]
xPortSysTickHandler     0x0800f96d     0x1e  Code  Gb  port.o [2]
xQueueCreateCountingSemaphore
                        0x0800ec77     0x12  Code  Gb  queue.o [2]
xQueueCreateMutex       0x0800ec2d     0x40  Code  Gb  queue.o [2]
xQueueGenericCreate     0x0800ebf1     0x3c  Code  Gb  queue.o [2]
xQueueGenericReceive    0x0800edb9     0xfa  Code  Gb  queue.o [2]
xQueueGenericReset      0x0800eb91     0x60  Code  Gb  queue.o [2]
xQueueGenericSend       0x0800ec89     0xc4  Code  Gb  queue.o [2]
xQueueGenericSendFromISR
                        0x0800ed4d     0x6c  Code  Gb  queue.o [2]
xSchedulerRunning       0x1000588c      0x4  Data  Lc  tasks.o [2]
xStart                  0x10005768      0x8  Data  Lc  heap_5.o [2]
xSuspendedTaskList      0x1000586c     0x14  Data  Lc  tasks.o [2]
xTaskCheckForTimeOut    0x0800f61f     0x3c  Code  Gb  tasks.o [2]
xTaskGenericCreate      0x0800f03d    0x11a  Code  Gb  tasks.o [2]
xTaskGetSchedulerState  0x0800f78d     0x16  Code  Gb  tasks.o [2]
xTaskGetTickCount       0x0800f3cf      0xc  Code  Gb  tasks.o [2]
xTaskGetTickCountFromISR
                        0x0800f3e3     0x14  Code  Gb  tasks.o [2]
xTaskIncrementTick      0x0800f40f     0xb2  Code  Gb  tasks.o [2]
xTaskPriorityDisinherit
                        0x0800f821     0x6a  Code  Gb  tasks.o [2]
xTaskRemoveFromEventList
                        0x0800f5b7     0x3e  Code  Gb  tasks.o [2]
xTaskResumeAll          0x0800f353     0x7c  Code  Gb  tasks.o [2]
xTasksWaitingTermination
                        0x10005848     0x14  Data  Lc  tasks.o [2]
xTickCount              0x10005884      0x4  Data  Lc  tasks.o [2]
xTimerCreate            0x080111a3     0x3a  Code  Gb  timers.o [2]
xTimerCreateTimerTask   0x0801116d     0x36  Code  Gb  timers.o [2]
xTimerGenericCommand    0x080111dd     0x98  Code  Gb  timers.o [2]
xTimerIsTimerActive     0x0801148f     0x1a  Code  Gb  timers.o [2]
xTimerQueue             0x1000cc5c      0x4  Data  Lc  timers.o [2]
xTimerTaskHandle        0x1000cc60      0x4  Data  Lc  timers.o [2]
xYieldPending           0x10005894      0x4  Data  Lc  tasks.o [2]
xmit_delivery_enabled_frames
                        0x0801e117     0xf6  Code  Gb  rtw_xmit.o [9]
xmitframe_addmic        0x0801d2b3    0x17a  Code  Gb  rtw_xmit.o [9]
xmitframe_enqueue_for_sleeping_sta
                        0x0801dc27    0x18c  Code  Gb  rtw_xmit.o [9]
xmitframe_swencrypt     0x0801d433     0x30  Code  Gb  rtw_xmit.o [9]
xmodem_log_close {Abs}  0x0000e9f5           Data  Gb  command line/config [3]
xmodem_log_open {Abs}   0x0000ea01           Data  Gb  command line/config [3]
xmodem_uart_deinit {Abs}
                        0x0000eb25           Data  Gb  command line/config [3]
xmodem_uart_getc {Abs}  0x0000ec0d           Data  Gb  command line/config [3]
xmodem_uart_init {Abs}  0x0000ea39           Data  Gb  command line/config [3]
xmodem_uart_port_deinit {Abs}
                        0x0000eb99           Data  Gb  command line/config [3]
xmodem_uart_port_init {Abs}
                        0x0000eb35           Data  Gb  command line/config [3]
xmodem_uart_putc {Abs}  0x0000ec35           Data  Gb  command line/config [3]
xmodem_uart_putdata {Abs}
                        0x0000ec49           Data  Gb  command line/config [3]
xmodem_uart_readable {Abs}
                        0x0000ebdd           Data  Gb  command line/config [3]
xmodem_uart_writable {Abs}
                        0x0000ebf5           Data  Gb  command line/config [3]
xnetif                  0x100074bc     0x78  Data  Gb  lwip_netconf.o [2]
zero_bssid              0x08049844      0x8  Data  Gb  rtw_promisc.o [9]


[1] = C:\Users\Administrator\Desktop\sdk-ameba-v4.0c\component\soc\realtek\8195a\misc\bsp\image
[2] = C:\Users\Administrator\Desktop\sdk-ameba-v4.0c\project\realtek_amebaz_va0_example\EWARM-RELEASE\Debug\Obj
[3] = command line
[4] = dl7M_tln.a
[5] = lib_http.a
[6] = lib_mdns.a
[7] = lib_platform.a
[8] = lib_rtlstd.a
[9] = lib_wlan.a
[10] = lib_xmodem.a
[11] = m7M_tls.a
[12] = rt7M_tl.a

  286 846 bytes of readonly  code memory
   22 382 bytes of readonly  data memory
  159 131 bytes of readwrite data memory

Errors: none
Warnings: none
